Archive member included to satisfy reference by file (symbol)

../Middlewares/ST/AI/Lib\NetworkRuntime700_CM4_GCC.a(ai_platform_interface.o)
                              ./X-CUBE-AI/App/network.o (ai_platform_get_weights_map)
../Middlewares/ST/AI/Lib\NetworkRuntime700_CM4_GCC.a(core_mem_manager.o)
                              ../Middlewares/ST/AI/Lib\NetworkRuntime700_CM4_GCC.a(ai_platform_interface.o) (core_mem_alloc)
../Middlewares/ST/AI/Lib\NetworkRuntime700_CM4_GCC.a(core_common.o)
                              ../Middlewares/ST/AI/Lib\NetworkRuntime700_CM4_GCC.a(ai_platform_interface.o) (core_init)
../Middlewares/ST/AI/Lib\NetworkRuntime700_CM4_GCC.a(layers_conv2d_generic_float.o)
                              ./X-CUBE-AI/App/network.o (forward_conv2d)
../Middlewares/ST/AI/Lib\NetworkRuntime700_CM4_GCC.a(layers_nl_generic_float.o)
                              ./X-CUBE-AI/App/network.o (nl_func_relu_array_f32)
../Middlewares/ST/AI/Lib\NetworkRuntime700_CM4_GCC.a(layers.o)
                              ../Middlewares/ST/AI/Lib\NetworkRuntime700_CM4_GCC.a(ai_platform_interface.o) (ai_check_custom_types)
../Middlewares/ST/AI/Lib\NetworkRuntime700_CM4_GCC.a(arm_mat_init_f32.o)
                              ../Middlewares/ST/AI/Lib\NetworkRuntime700_CM4_GCC.a(layers_conv2d_generic_float.o) (st_dsp_arm_mat_init_f32)
../Middlewares/ST/AI/Lib\NetworkRuntime700_CM4_GCC.a(ai_datatypes_format.o)
                              ../Middlewares/ST/AI/Lib\NetworkRuntime700_CM4_GCC.a(ai_platform_interface.o) (ai_array_to_buffer_fmt)
../Middlewares/ST/AI/Lib\NetworkRuntime700_CM4_GCC.a(ai_math_helpers.o)
                              ../Middlewares/ST/AI/Lib\NetworkRuntime700_CM4_GCC.a(layers_nl_generic_float.o) (ai_math_sqrt)
../Middlewares/ST/AI/Lib\NetworkRuntime700_CM4_GCC.a(st_convolve_reference.o)
                              ../Middlewares/ST/AI/Lib\NetworkRuntime700_CM4_GCC.a(ai_math_helpers.o) (align_factor)
c:/program files/stmicroelectronics/stm32cube/stm32cubeide_1.7.0/stm32cubeide/plugins/com.st.stm32cube.ide.mcu.externaltools.gnu-tools-for-stm32.9-2020-q2-update.win32_2.0.0.202105311346/tools/bin/../lib/gcc/arm-none-eabi/9.3.1/../../../../arm-none-eabi/lib/thumb/v7e-m+fp/hard\libc_nano.a(lib_a-errno.o)
                              ./Core/Src/sysmem.o (__errno)
c:/program files/stmicroelectronics/stm32cube/stm32cubeide_1.7.0/stm32cubeide/plugins/com.st.stm32cube.ide.mcu.externaltools.gnu-tools-for-stm32.9-2020-q2-update.win32_2.0.0.202105311346/tools/bin/../lib/gcc/arm-none-eabi/9.3.1/../../../../arm-none-eabi/lib/thumb/v7e-m+fp/hard\libc_nano.a(lib_a-exit.o)
                              c:/program files/stmicroelectronics/stm32cube/stm32cubeide_1.7.0/stm32cubeide/plugins/com.st.stm32cube.ide.mcu.externaltools.gnu-tools-for-stm32.9-2020-q2-update.win32_2.0.0.202105311346/tools/bin/../lib/gcc/arm-none-eabi/9.3.1/../../../../arm-none-eabi/lib/thumb/v7e-m+fp/hard/crt0.o (exit)
c:/program files/stmicroelectronics/stm32cube/stm32cubeide_1.7.0/stm32cubeide/plugins/com.st.stm32cube.ide.mcu.externaltools.gnu-tools-for-stm32.9-2020-q2-update.win32_2.0.0.202105311346/tools/bin/../lib/gcc/arm-none-eabi/9.3.1/../../../../arm-none-eabi/lib/thumb/v7e-m+fp/hard\libc_nano.a(lib_a-impure.o)
                              c:/program files/stmicroelectronics/stm32cube/stm32cubeide_1.7.0/stm32cubeide/plugins/com.st.stm32cube.ide.mcu.externaltools.gnu-tools-for-stm32.9-2020-q2-update.win32_2.0.0.202105311346/tools/bin/../lib/gcc/arm-none-eabi/9.3.1/../../../../arm-none-eabi/lib/thumb/v7e-m+fp/hard\libc_nano.a(lib_a-exit.o) (_global_impure_ptr)
c:/program files/stmicroelectronics/stm32cube/stm32cubeide_1.7.0/stm32cubeide/plugins/com.st.stm32cube.ide.mcu.externaltools.gnu-tools-for-stm32.9-2020-q2-update.win32_2.0.0.202105311346/tools/bin/../lib/gcc/arm-none-eabi/9.3.1/../../../../arm-none-eabi/lib/thumb/v7e-m+fp/hard\libc_nano.a(lib_a-init.o)
                              c:/program files/stmicroelectronics/stm32cube/stm32cubeide_1.7.0/stm32cubeide/plugins/com.st.stm32cube.ide.mcu.externaltools.gnu-tools-for-stm32.9-2020-q2-update.win32_2.0.0.202105311346/tools/bin/../lib/gcc/arm-none-eabi/9.3.1/../../../../arm-none-eabi/lib/thumb/v7e-m+fp/hard/crt0.o (__libc_init_array)
c:/program files/stmicroelectronics/stm32cube/stm32cubeide_1.7.0/stm32cubeide/plugins/com.st.stm32cube.ide.mcu.externaltools.gnu-tools-for-stm32.9-2020-q2-update.win32_2.0.0.202105311346/tools/bin/../lib/gcc/arm-none-eabi/9.3.1/../../../../arm-none-eabi/lib/thumb/v7e-m+fp/hard\libc_nano.a(lib_a-malloc.o)
                              ../Middlewares/ST/AI/Lib\NetworkRuntime700_CM4_GCC.a(core_mem_manager.o) (malloc)
c:/program files/stmicroelectronics/stm32cube/stm32cubeide_1.7.0/stm32cubeide/plugins/com.st.stm32cube.ide.mcu.externaltools.gnu-tools-for-stm32.9-2020-q2-update.win32_2.0.0.202105311346/tools/bin/../lib/gcc/arm-none-eabi/9.3.1/../../../../arm-none-eabi/lib/thumb/v7e-m+fp/hard\libc_nano.a(lib_a-memcpy-stub.o)
[...]
Memory Configuration

Name             Origin             Length             Attributes
RAM              0x0000000020000000 0x0000000000018000 xrw
RAM2             0x0000000010000000 0x0000000000008000 xrw
FLASH            0x0000000008000000 0x0000000000100000 xr
*default*        0x0000000000000000 0xffffffffffffffff

Linker script and memory map

LOAD c:/program files/stmicroelectronics/stm32cube/stm32cubeide_1.7.0/stm32cubeide/plugins/com.st.stm32cube.ide.mcu.externaltools.gnu-tools-for-stm32.9-2020-q2-update.win32_2.0.0.202105311346/tools/bin/../lib/gcc/arm-none-eabi/9.3.1/thumb/v7e-m+fp/hard/crti.o
LOAD c:/program files/stmicroelectronics/stm32cube/stm32cubeide_1.7.0/stm32cubeide/plugins/com.st.stm32cube.ide.mcu.externaltools.gnu-tools-for-stm32.9-2020-q2-update.win32_2.0.0.202105311346/tools/bin/../lib/gcc/arm-none-eabi/9.3.1/thumb/v7e-m+fp/hard/crtbegin.o
LOAD c:/program files/stmicroelectronics/stm32cube/stm32cubeide_1.7.0/stm32cubeide/plugins/com.st.stm32cube.ide.mcu.externaltools.gnu-tools-for-stm32.9-2020-q2-update.win32_2.0.0.202105311346/tools/bin/../lib/gcc/arm-none-eabi/9.3.1/../../../../arm-none-eabi/lib/thumb/v7e-m+fp/hard/crt0.o
LOAD ./Core/Src/CRC/crc.o
LOAD ./Core/Src/ErrorHandler/errorHandler.o
LOAD ./Core/Src/GPIO/gpio.o
LOAD ./Core/Src/Logging/logging.o
LOAD ./Core/Src/SystemClock/systemclock.o
LOAD ./Core/Src/Uart/uart1.o
LOAD ./Core/Src/main.o
LOAD ./Core/Src/stm32l4xx_hal_msp.o
LOAD ./Core/Src/stm32l4xx_it.o
LOAD ./Core/Src/sysmem.o
LOAD ./Core/Src/system_stm32l4xx.o
LOAD ./Core/Src/utilities.o
LOAD ./Core/Startup/startup_stm32l475vgtx.o
LOAD ./Drivers/BSP/B-L475E-IOT01A1/b_l475e_iot01a1_bus.o
LOAD ./Drivers/BSP/Components/lsm6dsl/lsm6dsl.o
LOAD ./Drivers/BSP/Components/lsm6dsl/lsm6dsl_reg.o
LOAD ./Drivers/STM32L4xx_HAL_Driver/Src/stm32l4xx_hal.o
LOAD ./Drivers/STM32L4xx_HAL_Driver/Src/stm32l4xx_hal_cortex.o
LOAD ./Drivers/STM32L4xx_HAL_Driver/Src/stm32l4xx_hal_crc.o
LOAD ./Drivers/STM32L4xx_HAL_Driver/Src/stm32l4xx_hal_crc_ex.o
LOAD ./Drivers/STM32L4xx_HAL_Driver/Src/stm32l4xx_hal_dma.o
LOAD ./Drivers/STM32L4xx_HAL_Driver/Src/stm32l4xx_hal_dma_ex.o
LOAD ./Drivers/STM32L4xx_HAL_Driver/Src/stm32l4xx_hal_exti.o
LOAD ./Drivers/STM32L4xx_HAL_Driver/Src/stm32l4xx_hal_flash.o
LOAD ./Drivers/STM32L4xx_HAL_Driver/Src/stm32l4xx_hal_flash_ex.o
LOAD ./Drivers/STM32L4xx_HAL_Driver/Src/stm32l4xx_hal_flash_ramfunc.o
LOAD ./Drivers/STM32L4xx_HAL_Driver/Src/stm32l4xx_hal_gpio.o
LOAD ./Drivers/STM32L4xx_HAL_Driver/Src/stm32l4xx_hal_i2c.o
LOAD ./Drivers/STM32L4xx_HAL_Driver/Src/stm32l4xx_hal_i2c_ex.o
LOAD ./Drivers/STM32L4xx_HAL_Driver/Src/stm32l4xx_hal_pwr.o
LOAD ./Drivers/STM32L4xx_HAL_Driver/Src/stm32l4xx_hal_pwr_ex.o
LOAD ./Drivers/STM32L4xx_HAL_Driver/Src/stm32l4xx_hal_rcc.o
LOAD ./Drivers/STM32L4xx_HAL_Driver/Src/stm32l4xx_hal_rcc_ex.o
LOAD ./Drivers/STM32L4xx_HAL_Driver/Src/stm32l4xx_hal_tim.o
LOAD ./Drivers/STM32L4xx_HAL_Driver/Src/stm32l4xx_hal_tim_ex.o
LOAD ./Drivers/STM32L4xx_HAL_Driver/Src/stm32l4xx_hal_uart.o
LOAD ./Drivers/STM32L4xx_HAL_Driver/Src/stm32l4xx_hal_uart_ex.o
LOAD ./X-CUBE-AI/App/network.o
LOAD ./X-CUBE-AI/App/network_data.o
LOAD ../Middlewares/ST/AI/Lib\NetworkRuntime700_CM4_GCC.a
START GROUP
LOAD c:/program files/stmicroelectronics/stm32cube/stm32cubeide_1.7.0/stm32cubeide/plugins/com.st.stm32cube.ide.mcu.externaltools.gnu-tools-for-stm32.9-2020-q2-update.win32_2.0.0.202105311346/tools/bin/../lib/gcc/arm-none-eabi/9.3.1/../../../../arm-none-eabi/lib/thumb/v7e-m+fp/hard\libc_nano.a
LOAD c:/program files/stmicroelectronics/stm32cube/stm32cubeide_1.7.0/stm32cubeide/plugins/com.st.stm32cube.ide.mcu.externaltools.gnu-tools-for-stm32.9-2020-q2-update.win32_2.0.0.202105311346/tools/bin/../lib/gcc/arm-none-eabi/9.3.1/../../../../arm-none-eabi/lib/thumb/v7e-m+fp/hard\libm.a
END GROUP
START GROUP
LOAD c:/program files/stmicroelectronics/stm32cube/stm32cubeide_1.7.0/stm32cubeide/plugins/com.st.stm32cube.ide.mcu.externaltools.gnu-tools-for-stm32.9-2020-q2-update.win32_2.0.0.202105311346/tools/bin/../lib/gcc/arm-none-eabi/9.3.1/thumb/v7e-m+fp/hard\libgcc.a
LOAD c:/program files/stmicroelectronics/stm32cube/stm32cubeide_1.7.0/stm32cubeide/plugins/com.st.stm32cube.ide.mcu.externaltools.gnu-tools-for-stm32.9-2020-q2-update.win32_2.0.0.202105311346/tools/bin/../lib/gcc/arm-none-eabi/9.3.1/../../../../arm-none-eabi/lib/thumb/v7e-m+fp/hard\libc_nano.a
END GROUP
START GROUP
LOAD c:/program files/stmicroelectronics/stm32cube/stm32cubeide_1.7.0/stm32cubeide/plugins/com.st.stm32cube.ide.mcu.externaltools.gnu-tools-for-stm32.9-2020-q2-update.win32_2.0.0.202105311346/tools/bin/../lib/gcc/arm-none-eabi/9.3.1/thumb/v7e-m+fp/hard\libgcc.a
LOAD c:/program files/stmicroelectronics/stm32cube/stm32cubeide_1.7.0/stm32cubeide/plugins/com.st.stm32cube.ide.mcu.externaltools.gnu-tools-for-stm32.9-2020-q2-update.win32_2.0.0.202105311346/tools/bin/../lib/gcc/arm-none-eabi/9.3.1/../../../../arm-none-eabi/lib/thumb/v7e-m+fp/hard\libc_nano.a
LOAD c:/program files/stmicroelectronics/stm32cube/stm32cubeide_1.7.0/stm32cubeide/plugins/com.st.stm32cube.ide.mcu.externaltools.gnu-tools-for-stm32.9-2020-q2-update.win32_2.0.0.202105311346/tools/bin/../lib/gcc/arm-none-eabi/9.3.1/../../../../arm-none-eabi/lib/thumb/v7e-m+fp/hard\libnosys.a
END GROUP
START GROUP
LOAD c:/program files/stmicroelectronics/stm32cube/stm32cubeide_1.7.0/stm32cubeide/plugins/com.st.stm32cube.ide.mcu.externaltools.gnu-tools-for-stm32.9-2020-q2-update.win32_2.0.0.202105311346/tools/bin/../lib/gcc/arm-none-eabi/9.3.1/thumb/v7e-m+fp/hard\libgcc.a
LOAD c:/program files/stmicroelectronics/stm32cube/stm32cubeide_1.7.0/stm32cubeide/plugins/com.st.stm32cube.ide.mcu.externaltools.gnu-tools-for-stm32.9-2020-q2-update.win32_2.0.0.202105311346/tools/bin/../lib/gcc/arm-none-eabi/9.3.1/../../../../arm-none-eabi/lib/thumb/v7e-m+fp/hard\libc_nano.a
LOAD c:/program files/stmicroelectronics/stm32cube/stm32cubeide_1.7.0/stm32cubeide/plugins/com.st.stm32cube.ide.mcu.externaltools.gnu-tools-for-stm32.9-2020-q2-update.win32_2.0.0.202105311346/tools/bin/../lib/gcc/arm-none-eabi/9.3.1/../../../../arm-none-eabi/lib/thumb/v7e-m+fp/hard\libnosys.a
END GROUP
LOAD c:/program files/stmicroelectronics/stm32cube/stm32cubeide_1.7.0/stm32cubeide/plugins/com.st.stm32cube.ide.mcu.externaltools.gnu-tools-for-stm32.9-2020-q2-update.win32_2.0.0.202105311346/tools/bin/../lib/gcc/arm-none-eabi/9.3.1/thumb/v7e-m+fp/hard/crtend.o
LOAD c:/program files/stmicroelectronics/stm32cube/stm32cubeide_1.7.0/stm32cubeide/plugins/com.st.stm32cube.ide.mcu.externaltools.gnu-tools-for-stm32.9-2020-q2-update.win32_2.0.0.202105311346/tools/bin/../lib/gcc/arm-none-eabi/9.3.1/thumb/v7e-m+fp/hard/crtn.o
                0x0000000020018000                _estack = (ORIGIN (RAM) + LENGTH (RAM))
                0x0000000000000800                _Min_Heap_Size = 0x800
                0x0000000000000800                _Min_Stack_Size = 0x800

.isr_vector     0x0000000008000000      0x188
                0x0000000008000000                . = ALIGN (0x4)
 *(.isr_vector)
 .isr_vector    0x0000000008000000      0x188 ./Core/Startup/startup_stm32l475vgtx.o
                0x0000000008000000                g_pfnVectors
                0x0000000008000188                . = ALIGN (0x4)

.text           0x0000000008000190     0xbfa4
                0x0000000008000190                . = ALIGN (0x4)
 *(.text)
 .text          0x0000000008000190       0x40 c:/program files/stmicroelectronics/stm32cube/stm32cubeide_1.7.0/stm32cubeide/plugins/com.st.stm32cube.ide.mcu.externaltools.gnu-tools-for-stm32.9-2020-q2-update.win32_2.0.0.202105311346/tools/bin/../lib/gcc/arm-none-eabi/9.3.1/thumb/v7e-m+fp/hard/crtbegin.o
 .text          0x00000000080001d0       0x10 c:/program files/stmicroelectronics/stm32cube/stm32cubeide_1.7.0/stm32cubeide/plugins/com.st.stm32cube.ide.mcu.externaltools.gnu-tools-for-stm32.9-2020-q2-update.win32_2.0.0.202105311346/tools/bin/../lib/gcc/arm-none-eabi/9.3.1/../../../../arm-none-eabi/lib/thumb/v7e-m+fp/hard\libc_nano.a(lib_a-strlen.o)
                0x00000000080001d0                strlen
 .text          0x00000000080001e0       0xa0 c:/program files/stmicroelectronics/stm32cube/stm32cubeide_1.7.0/stm32cubeide/plugins/com.st.stm32cube.ide.mcu.externaltools.gnu-tools-for-stm32.9-2020-q2-update.win32_2.0.0.202105311346/tools/bin/../lib/gcc/arm-none-eabi/9.3.1/../../../../arm-none-eabi/lib/thumb/v7e-m+fp/hard\libc_nano.a(lib_a-memchr.o)
                0x00000000080001e0                memchr
 .text          0x0000000008000280      0x378 c:/program files/stmicroelectronics/stm32cube/stm32cubeide_1.7.0/stm32cubeide/plugins/com.st.stm32cube.ide.mcu.externaltools.gnu-tools-for-stm32.9-2020-q2-update.win32_2.0.0.202105311346/tools/bin/../lib/gcc/arm-none-eabi/9.3.1/thumb/v7e-m+fp/hard\libgcc.a(_arm_addsubdf3.o)
                0x0000000008000280                __aeabi_drsub
                0x0000000008000288                __aeabi_dsub
                0x0000000008000288                __subdf3
                0x000000000800028c                __aeabi_dadd
                0x000000000800028c                __adddf3
                0x0000000008000504                __floatunsidf
                0x0000000008000504                __aeabi_ui2d
                0x0000000008000524                __floatsidf
                0x0000000008000524                __aeabi_i2d
                0x0000000008000548                __aeabi_f2d
                0x0000000008000548                __extendsfdf2
                0x000000000800058c                __floatundidf
                0x000000000800058c                __aeabi_ul2d
                0x000000000800059c                __floatdidf
                0x000000000800059c                __aeabi_l2d
 .text          0x00000000080005f8      0x424 c:/program files/stmicroelectronics/stm32cube/stm32cubeide_1.7.0/stm32cubeide/plugins/com.st.stm32cube.ide.mcu.externaltools.gnu-tools-for-stm32.9-2020-q2-update.win32_2.0.0.202105311346/tools/bin/../lib/gcc/arm-none-eabi/9.3.1/thumb/v7e-m+fp/hard\libgcc.a(_arm_muldivdf3.o)
                0x00000000080005f8                __aeabi_dmul
                0x00000000080005f8                __muldf3
                0x000000000800084c                __divdf3
                0x000000000800084c                __aeabi_ddiv
 .text          0x0000000008000a1c      0x110 c:/program files/stmicroelectronics/stm32cube/stm32cubeide_1.7.0/stm32cubeide/plugins/com.st.stm32cube.ide.mcu.externaltools.gnu-tools-for-stm32.9-2020-q2-update.win32_2.0.0.202105311346/tools/bin/../lib/gcc/arm-none-eabi/9.3.1/thumb/v7e-m+fp/hard\libgcc.a(_arm_cmpdf2.o)
                0x0000000008000a1c                __gtdf2
                0x0000000008000a1c                __gedf2
                0x0000000008000a24                __ltdf2
                0x0000000008000a24                __ledf2
                0x0000000008000a2c                __nedf2
                0x0000000008000a2c                __eqdf2
                0x0000000008000a2c                __cmpdf2
                0x0000000008000aa8                __aeabi_cdrcmple
                0x0000000008000ab8                __aeabi_cdcmpeq
                0x0000000008000ab8                __aeabi_cdcmple
                0x0000000008000ac8                __aeabi_dcmpeq
                0x0000000008000adc                __aeabi_dcmplt
                0x0000000008000af0                __aeabi_dcmple
                0x0000000008000b04                __aeabi_dcmpge
                0x0000000008000b18                __aeabi_dcmpgt
 .text          0x0000000008000b2c       0x2c c:/program files/stmicroelectronics/stm32cube/stm32cubeide_1.7.0/stm32cubeide/plugins/com.st.stm32cube.ide.mcu.externaltools.gnu-tools-for-stm32.9-2020-q2-update.win32_2.0.0.202105311346/tools/bin/../lib/gcc/arm-none-eabi/9.3.1/thumb/v7e-m+fp/hard\libgcc.a(_arm_unorddf2.o)
                0x0000000008000b2c                __unorddf2
                0x0000000008000b2c                __aeabi_dcmpun
 .text          0x0000000008000b58       0x50 c:/program files/stmicroelectronics/stm32cube/stm32cubeide_1.7.0/stm32cubeide/plugins/com.st.stm32cube.ide.mcu.externaltools.gnu-tools-for-stm32.9-2020-q2-update.win32_2.0.0.202105311346/tools/bin/../lib/gcc/arm-none-eabi/9.3.1/thumb/v7e-m+fp/hard\libgcc.a(_arm_fixdfsi.o)
                0x0000000008000b58                __aeabi_d2iz
                0x0000000008000b58                __fixdfsi
 .text          0x0000000008000ba8       0x30 c:/program files/stmicroelectronics/stm32cube/stm32cubeide_1.7.0/stm32cubeide/plugins/com.st.stm32cube.ide.mcu.externaltools.gnu-tools-for-stm32.9-2020-q2-update.win32_2.0.0.202105311346/tools/bin/../lib/gcc/arm-none-eabi/9.3.1/thumb/v7e-m+fp/hard\libgcc.a(_aeabi_uldivmod.o)
                0x0000000008000ba8                __aeabi_uldivmod
 .text          0x0000000008000bd8      0x2c4 c:/program files/stmicroelectronics/stm32cube/stm32cubeide_1.7.0/stm32cubeide/plugins/com.st.stm32cube.ide.mcu.externaltools.gnu-tools-for-stm32.9-2020-q2-update.win32_2.0.0.202105311346/tools/bin/../lib/gcc/arm-none-eabi/9.3.1/thumb/v7e-m+fp/hard\libgcc.a(_udivmoddi4.o)
                0x0000000008000bd8                __udivmoddi4
 .text          0x0000000008000e9c        0x4 c:/program files/stmicroelectronics/stm32cube/stm32cubeide_1.7.0/stm32cubeide/plugins/com.st.stm32cube.ide.mcu.externaltools.gnu-tools-for-stm32.9-2020-q2-update.win32_2.0.0.202105311346/tools/bin/../lib/gcc/arm-none-eabi/9.3.1/thumb/v7e-m+fp/hard\libgcc.a(_dvmd_tls.o)
                0x0000000008000e9c                __aeabi_idiv0
                0x0000000008000e9c                __aeabi_ldiv0
 *(.text*)
 .text.initializeCRC
                0x0000000008000ea0       0x44 ./Core/Src/CRC/crc.o
                0x0000000008000ea0                initializeCRC
 .text.errorHandler
                0x0000000008000ee4       0x20 ./Core/Src/ErrorHandler/errorHandler.o
                0x0000000008000ee4                errorHandler
 .text.initializeGPIOs
                0x0000000008000f04      0x434 ./Core/Src/GPIO/gpio.o
                0x0000000008000f04                initializeGPIOs
 .text.writeLoggingMessage
                0x0000000008001338       0x8e ./Core/Src/Logging/logging.o
                0x0000000008001338                writeLoggingMessage
 .text.writeMessageToStLink
                0x00000000080013c6       0x1e ./Core/Src/Logging/logging.o
 .text.initializeSystemClock
                0x00000000080013e4       0x86 ./Core/Src/SystemClock/systemclock.o
                0x00000000080013e4                initializeSystemClock
 *fill*         0x000000000800146a        0x2 
 .text.initializeUart1
                0x000000000800146c       0x60 ./Core/Src/Uart/uart1.o
                0x000000000800146c                initializeUart1
 .text.uart1_transmit
                0x00000000080014cc       0x24 ./Core/Src/Uart/uart1.o
                0x00000000080014cc                uart1_transmit
 .text._write   0x00000000080014f0       0x28 ./Core/Src/Uart/uart1.o
                0x00000000080014f0                _write
 .text.main     0x0000000008001518      0x114 ./Core/Src/main.o
                0x0000000008001518                main
 .text.MEMS_Init
                0x000000000800162c       0x94 ./Core/Src/main.o
 .text.HAL_GPIO_EXTI_Callback
                0x00000000080016c0       0x2c ./Core/Src/main.o
                0x00000000080016c0                HAL_GPIO_EXTI_Callback
 .text.AI_Init  0x00000000080016ec       0xa0 ./Core/Src/main.o
 .text.AI_Run   0x000000000800178c       0x84 ./Core/Src/main.o
 .text.HAL_MspInit
                0x0000000008001810       0x48 ./Core/Src/stm32l4xx_hal_msp.o
                0x0000000008001810                HAL_MspInit
 .text.HAL_CRC_MspInit
                0x0000000008001858       0x40 ./Core/Src/stm32l4xx_hal_msp.o
                0x0000000008001858                HAL_CRC_MspInit
 .text.HAL_UART_MspInit
                0x0000000008001898       0xbc ./Core/Src/stm32l4xx_hal_msp.o
                0x0000000008001898                HAL_UART_MspInit
 .text.NMI_Handler
                0x0000000008001954        0x6 ./Core/Src/stm32l4xx_it.o
                0x0000000008001954                NMI_Handler
 .text.HardFault_Handler
                0x000000000800195a        0x6 ./Core/Src/stm32l4xx_it.o
                0x000000000800195a                HardFault_Handler
 .text.MemManage_Handler
                0x0000000008001960        0x6 ./Core/Src/stm32l4xx_it.o
                0x0000000008001960                MemManage_Handler
 .text.BusFault_Handler
                0x0000000008001966        0x6 ./Core/Src/stm32l4xx_it.o
                0x0000000008001966                BusFault_Handler
 .text.UsageFault_Handler
                0x000000000800196c        0x6 ./Core/Src/stm32l4xx_it.o
                0x000000000800196c                UsageFault_Handler
 .text.SVC_Handler
                0x0000000008001972        0xe ./Core/Src/stm32l4xx_it.o
                0x0000000008001972                SVC_Handler
 .text.DebugMon_Handler
                0x0000000008001980        0xe ./Core/Src/stm32l4xx_it.o
                0x0000000008001980                DebugMon_Handler
 .text.PendSV_Handler
                0x000000000800198e        0xe ./Core/Src/stm32l4xx_it.o
                0x000000000800198e                PendSV_Handler
 .text.SysTick_Handler
                0x000000000800199c        0xc ./Core/Src/stm32l4xx_it.o
                0x000000000800199c                SysTick_Handler
 .text.EXTI9_5_IRQHandler
                0x00000000080019a8       0x22 ./Core/Src/stm32l4xx_it.o
                0x00000000080019a8                EXTI9_5_IRQHandler
 .text.EXTI15_10_IRQHandler
                0x00000000080019ca       0x30 ./Core/Src/stm32l4xx_it.o
                0x00000000080019ca                EXTI15_10_IRQHandler
 *fill*         0x00000000080019fa        0x2 
 .text._sbrk    0x00000000080019fc       0x6c ./Core/Src/sysmem.o
                0x00000000080019fc                _sbrk
 .text.SystemInit
                0x0000000008001a68       0x64 ./Core/Src/system_stm32l4xx.o
                0x0000000008001a68                SystemInit
 .text.Reset_Handler
                0x0000000008001acc       0x50 ./Core/Startup/startup_stm32l475vgtx.o
                0x0000000008001acc                Reset_Handler
 .text.Default_Handler
                0x0000000008001b1c        0x2 ./Core/Startup/startup_stm32l475vgtx.o
                0x0000000008001b1c                RTC_Alarm_IRQHandler
                0x0000000008001b1c                EXTI2_IRQHandler
                0x0000000008001b1c                TIM8_TRG_COM_IRQHandler
                0x0000000008001b1c                TIM8_CC_IRQHandler
                0x0000000008001b1c                TIM1_CC_IRQHandler
                0x0000000008001b1c                TSC_IRQHandler
                0x0000000008001b1c                TAMP_STAMP_IRQHandler
                0x0000000008001b1c                EXTI3_IRQHandler
                0x0000000008001b1c                LPTIM2_IRQHandler
                0x0000000008001b1c                DFSDM1_FLT1_IRQHandler
                0x0000000008001b1c                I2C3_ER_IRQHandler
                0x0000000008001b1c                DFSDM1_FLT2_IRQHandler
                0x0000000008001b1c                EXTI0_IRQHandler
                0x0000000008001b1c                I2C2_EV_IRQHandler
                0x0000000008001b1c                CAN1_RX0_IRQHandler
                0x0000000008001b1c                FPU_IRQHandler
                0x0000000008001b1c                TIM1_UP_TIM16_IRQHandler
                0x0000000008001b1c                ADC1_2_IRQHandler
                0x0000000008001b1c                SPI1_IRQHandler
                0x0000000008001b1c                TIM6_DAC_IRQHandler
                0x0000000008001b1c                TIM8_UP_IRQHandler
                0x0000000008001b1c                DMA2_Channel2_IRQHandler
                0x0000000008001b1c                DMA1_Channel4_IRQHandler
                0x0000000008001b1c                SAI2_IRQHandler
                0x0000000008001b1c                DFSDM1_FLT3_IRQHandler
                0x0000000008001b1c                USART3_IRQHandler
                0x0000000008001b1c                DMA1_Channel7_IRQHandler
                0x0000000008001b1c                CAN1_RX1_IRQHandler
                0x0000000008001b1c                UART5_IRQHandler
                0x0000000008001b1c                ADC3_IRQHandler
                0x0000000008001b1c                TIM4_IRQHandler
                0x0000000008001b1c                DMA2_Channel1_IRQHandler
                0x0000000008001b1c                QUADSPI_IRQHandler
                0x0000000008001b1c                I2C1_EV_IRQHandler
                0x0000000008001b1c                DMA1_Channel6_IRQHandler
                0x0000000008001b1c                UART4_IRQHandler
                0x0000000008001b1c                DMA2_Channel4_IRQHandler
                0x0000000008001b1c                TIM3_IRQHandler
                0x0000000008001b1c                RCC_IRQHandler
                0x0000000008001b1c                DMA1_Channel1_IRQHandler
                0x0000000008001b1c                Default_Handler
                0x0000000008001b1c                DMA2_Channel7_IRQHandler
                0x0000000008001b1c                TIM7_IRQHandler
                0x0000000008001b1c                SDMMC1_IRQHandler
                0x0000000008001b1c                TIM5_IRQHandler
                0x0000000008001b1c                I2C3_EV_IRQHandler
                0x0000000008001b1c                RTC_WKUP_IRQHandler
                0x0000000008001b1c                PVD_PVM_IRQHandler
                0x0000000008001b1c                SPI2_IRQHandler
                0x0000000008001b1c                CAN1_TX_IRQHandler
                0x0000000008001b1c                DMA2_Channel5_IRQHandler
                0x0000000008001b1c                DMA1_Channel5_IRQHandler
                0x0000000008001b1c                EXTI4_IRQHandler
                0x0000000008001b1c                RNG_IRQHandler
                0x0000000008001b1c                TIM1_TRG_COM_TIM17_IRQHandler
                0x0000000008001b1c                DMA1_Channel3_IRQHandler
                0x0000000008001b1c                COMP_IRQHandler
                0x0000000008001b1c                WWDG_IRQHandler
                0x0000000008001b1c                LPUART1_IRQHandler
                0x0000000008001b1c                DMA2_Channel6_IRQHandler
                0x0000000008001b1c                TIM2_IRQHandler
                0x0000000008001b1c                EXTI1_IRQHandler
                0x0000000008001b1c                USART2_IRQHandler
                0x0000000008001b1c                DFSDM1_FLT0_IRQHandler
                0x0000000008001b1c                I2C2_ER_IRQHandler
                0x0000000008001b1c                DMA1_Channel2_IRQHandler
                0x0000000008001b1c                TIM8_BRK_IRQHandler
                0x0000000008001b1c                CAN1_SCE_IRQHandler
                0x0000000008001b1c                FLASH_IRQHandler
                0x0000000008001b1c                USART1_IRQHandler
                0x0000000008001b1c                OTG_FS_IRQHandler
                0x0000000008001b1c                SPI3_IRQHandler
                0x0000000008001b1c                I2C1_ER_IRQHandler
                0x0000000008001b1c                FMC_IRQHandler
                0x0000000008001b1c                SWPMI1_IRQHandler
                0x0000000008001b1c                LPTIM1_IRQHandler
                0x0000000008001b1c                SAI1_IRQHandler
                0x0000000008001b1c                DMA2_Channel3_IRQHandler
                0x0000000008001b1c                TIM1_BRK_TIM15_IRQHandler
 *fill*         0x0000000008001b1e        0x2 
 .text.BSP_I2C2_Init
                0x0000000008001b20       0x7c ./Drivers/BSP/B-L475E-IOT01A1/b_l475e_iot01a1_bus.o
                0x0000000008001b20                BSP_I2C2_Init
 .text.BSP_I2C2_DeInit
                0x0000000008001b9c       0x50 ./Drivers/BSP/B-L475E-IOT01A1/b_l475e_iot01a1_bus.o
                0x0000000008001b9c                BSP_I2C2_DeInit
 .text.BSP_I2C2_WriteReg
                0x0000000008001bec       0x64 ./Drivers/BSP/B-L475E-IOT01A1/b_l475e_iot01a1_bus.o
                0x0000000008001bec                BSP_I2C2_WriteReg
 .text.BSP_I2C2_ReadReg
                0x0000000008001c50       0x64 ./Drivers/BSP/B-L475E-IOT01A1/b_l475e_iot01a1_bus.o
                0x0000000008001c50                BSP_I2C2_ReadReg
 .text.BSP_GetTick
                0x0000000008001cb4        0xe ./Drivers/BSP/B-L475E-IOT01A1/b_l475e_iot01a1_bus.o
                0x0000000008001cb4                BSP_GetTick
 *fill*         0x0000000008001cc2        0x2 
 .text.MX_I2C2_Init
                0x0000000008001cc4       0x88 ./Drivers/BSP/B-L475E-IOT01A1/b_l475e_iot01a1_bus.o
                0x0000000008001cc4                MX_I2C2_Init
 .text.I2C2_MspInit
                0x0000000008001d4c       0x8c ./Drivers/BSP/B-L475E-IOT01A1/b_l475e_iot01a1_bus.o
 .text.I2C2_MspDeInit
                0x0000000008001dd8       0x38 ./Drivers/BSP/B-L475E-IOT01A1/b_l475e_iot01a1_bus.o
 .text.LSM6DSL_RegisterBusIO
                0x0000000008001e10       0xcc ./Drivers/BSP/Components/lsm6dsl/lsm6dsl.o
                0x0000000008001e10                LSM6DSL_RegisterBusIO
 .text.LSM6DSL_Init
                0x0000000008001edc       0xd2 ./Drivers/BSP/Components/lsm6dsl/lsm6dsl.o
                0x0000000008001edc                LSM6DSL_Init
 .text.LSM6DSL_ReadID
                0x0000000008001fae       0x2c ./Drivers/BSP/Components/lsm6dsl/lsm6dsl.o
                0x0000000008001fae                LSM6DSL_ReadID
 .text.LSM6DSL_ACC_Enable
                0x0000000008001fda       0x48 ./Drivers/BSP/Components/lsm6dsl/lsm6dsl.o
                0x0000000008001fda                LSM6DSL_ACC_Enable
 *fill*         0x0000000008002022        0x2 
 .text.LSM6DSL_ACC_GetSensitivity
                0x0000000008002024       0x8c ./Drivers/BSP/Components/lsm6dsl/lsm6dsl.o
                0x0000000008002024                LSM6DSL_ACC_GetSensitivity
 .text.LSM6DSL_ACC_SetOutputDataRate
                0x00000000080020b0       0x38 ./Drivers/BSP/Components/lsm6dsl/lsm6dsl.o
                0x00000000080020b0                LSM6DSL_ACC_SetOutputDataRate
 .text.LSM6DSL_ACC_SetFullScale
                0x00000000080020e8       0x50 ./Drivers/BSP/Components/lsm6dsl/lsm6dsl.o
                0x00000000080020e8                LSM6DSL_ACC_SetFullScale
 .text.LSM6DSL_ACC_GetAxesRaw
                0x0000000008002138       0x48 ./Drivers/BSP/Components/lsm6dsl/lsm6dsl.o
                0x0000000008002138                LSM6DSL_ACC_GetAxesRaw
 .text.LSM6DSL_ACC_GetAxes
                0x0000000008002180       0xae ./Drivers/BSP/Components/lsm6dsl/lsm6dsl.o
                0x0000000008002180                LSM6DSL_ACC_GetAxes
 .text.LSM6DSL_Write_Reg
                0x000000000800222e       0x36 ./Drivers/BSP/Components/lsm6dsl/lsm6dsl.o
                0x000000000800222e                LSM6DSL_Write_Reg
 .text.LSM6DSL_ACC_Set_INT1_DRDY
                0x0000000008002264       0x68 ./Drivers/BSP/Components/lsm6dsl/lsm6dsl.o
                0x0000000008002264                LSM6DSL_ACC_Set_INT1_DRDY
 .text.LSM6DSL_ACC_SetOutputDataRate_When_Enabled
                0x00000000080022cc      0x118 ./Drivers/BSP/Components/lsm6dsl/lsm6dsl.o
 .text.LSM6DSL_ACC_SetOutputDataRate_When_Disabled
                0x00000000080023e4      0x104 ./Drivers/BSP/Components/lsm6dsl/lsm6dsl.o
 .text.ReadRegWrap
                0x00000000080024e8       0x36 ./Drivers/BSP/Components/lsm6dsl/lsm6dsl.o
 .text.WriteRegWrap
                0x000000000800251e       0x36 ./Drivers/BSP/Components/lsm6dsl/lsm6dsl.o
 .text.lsm6dsl_read_reg
                0x0000000008002554       0x30 ./Drivers/BSP/Components/lsm6dsl/lsm6dsl_reg.o
                0x0000000008002554                lsm6dsl_read_reg
 .text.lsm6dsl_write_reg
                0x0000000008002584       0x30 ./Drivers/BSP/Components/lsm6dsl/lsm6dsl_reg.o
                0x0000000008002584                lsm6dsl_write_reg
 .text.lsm6dsl_xl_full_scale_set
                0x00000000080025b4       0x4c ./Drivers/BSP/Components/lsm6dsl/lsm6dsl_reg.o
                0x00000000080025b4                lsm6dsl_xl_full_scale_set
 .text.lsm6dsl_xl_full_scale_get
                0x0000000008002600       0x70 ./Drivers/BSP/Components/lsm6dsl/lsm6dsl_reg.o
                0x0000000008002600                lsm6dsl_xl_full_scale_get
 .text.lsm6dsl_xl_data_rate_set
                0x0000000008002670       0x4c ./Drivers/BSP/Components/lsm6dsl/lsm6dsl_reg.o
                0x0000000008002670                lsm6dsl_xl_data_rate_set
 .text.lsm6dsl_gy_full_scale_set
                0x00000000080026bc       0x4c ./Drivers/BSP/Components/lsm6dsl/lsm6dsl_reg.o
                0x00000000080026bc                lsm6dsl_gy_full_scale_set
 .text.lsm6dsl_gy_data_rate_set
                0x0000000008002708       0x4c ./Drivers/BSP/Components/lsm6dsl/lsm6dsl_reg.o
                0x0000000008002708                lsm6dsl_gy_data_rate_set
 .text.lsm6dsl_block_data_update_set
                0x0000000008002754       0x4c ./Drivers/BSP/Components/lsm6dsl/lsm6dsl_reg.o
                0x0000000008002754                lsm6dsl_block_data_update_set
 .text.lsm6dsl_acceleration_raw_get
                0x00000000080027a0       0x96 ./Drivers/BSP/Components/lsm6dsl/lsm6dsl_reg.o
                0x00000000080027a0                lsm6dsl_acceleration_raw_get
 .text.lsm6dsl_device_id_get
                0x0000000008002836       0x22 ./Drivers/BSP/Components/lsm6dsl/lsm6dsl_reg.o
                0x0000000008002836                lsm6dsl_device_id_get
 .text.lsm6dsl_auto_increment_set
                0x0000000008002858       0x4c ./Drivers/BSP/Components/lsm6dsl/lsm6dsl_reg.o
                0x0000000008002858                lsm6dsl_auto_increment_set
 .text.lsm6dsl_pin_int1_route_set
                0x00000000080028a4      0x2c6 ./Drivers/BSP/Components/lsm6dsl/lsm6dsl_reg.o
                0x00000000080028a4                lsm6dsl_pin_int1_route_set
 .text.lsm6dsl_pin_int1_route_get
                0x0000000008002b6a      0x1ac ./Drivers/BSP/Components/lsm6dsl/lsm6dsl_reg.o
                0x0000000008002b6a                lsm6dsl_pin_int1_route_get
 .text.lsm6dsl_fifo_mode_set
                0x0000000008002d16       0x4c ./Drivers/BSP/Components/lsm6dsl/lsm6dsl_reg.o
                0x0000000008002d16                lsm6dsl_fifo_mode_set
 .text.HAL_Init
                0x0000000008002d62       0x30 ./Drivers/STM32L4xx_HAL_Driver/Src/stm32l4xx_hal.o
                0x0000000008002d62                HAL_Init
 *fill*         0x0000000008002d92        0x2 
 .text.HAL_InitTick
                0x0000000008002d94       0x78 ./Drivers/STM32L4xx_HAL_Driver/Src/stm32l4xx_hal.o
                0x0000000008002d94                HAL_InitTick
 .text.HAL_IncTick
                0x0000000008002e0c       0x28 ./Drivers/STM32L4xx_HAL_Driver/Src/stm32l4xx_hal.o
                0x0000000008002e0c                HAL_IncTick
 .text.HAL_GetTick
                0x0000000008002e34       0x18 ./Drivers/STM32L4xx_HAL_Driver/Src/stm32l4xx_hal.o
                0x0000000008002e34                HAL_GetTick
 .text.HAL_Delay
                0x0000000008002e4c       0x48 ./Drivers/STM32L4xx_HAL_Driver/Src/stm32l4xx_hal.o
                0x0000000008002e4c                HAL_Delay
 .text.__NVIC_SetPriorityGrouping
                0x0000000008002e94       0x48 ./Drivers/STM32L4xx_HAL_Driver/Src/stm32l4xx_hal_cortex.o
 .text.__NVIC_GetPriorityGrouping
                0x0000000008002edc       0x1c ./Drivers/STM32L4xx_HAL_Driver/Src/stm32l4xx_hal_cortex.o
 .text.__NVIC_EnableIRQ
                0x0000000008002ef8       0x3c ./Drivers/STM32L4xx_HAL_Driver/Src/stm32l4xx_hal_cortex.o
 .text.__NVIC_SetPriority
                0x0000000008002f34       0x54 ./Drivers/STM32L4xx_HAL_Driver/Src/stm32l4xx_hal_cortex.o
 .text.NVIC_EncodePriority
                0x0000000008002f88       0x66 ./Drivers/STM32L4xx_HAL_Driver/Src/stm32l4xx_hal_cortex.o
 *fill*         0x0000000008002fee        0x2 
 .text.SysTick_Config
                0x0000000008002ff0       0x44 ./Drivers/STM32L4xx_HAL_Driver/Src/stm32l4xx_hal_cortex.o
 .text.HAL_NVIC_SetPriorityGrouping
                0x0000000008003034       0x16 ./Drivers/STM32L4xx_HAL_Driver/Src/stm32l4xx_hal_cortex.o
                0x0000000008003034                HAL_NVIC_SetPriorityGrouping
 .text.HAL_NVIC_SetPriority
                0x000000000800304a       0x38 ./Drivers/STM32L4xx_HAL_Driver/Src/stm32l4xx_hal_cortex.o
                0x000000000800304a                HAL_NVIC_SetPriority
 .text.HAL_NVIC_EnableIRQ
                0x0000000008003082       0x1c ./Drivers/STM32L4xx_HAL_Driver/Src/stm32l4xx_hal_cortex.o
                0x0000000008003082                HAL_NVIC_EnableIRQ
 .text.HAL_SYSTICK_Config
                0x000000000800309e       0x18 ./Drivers/STM32L4xx_HAL_Driver/Src/stm32l4xx_hal_cortex.o
                0x000000000800309e                HAL_SYSTICK_Config
 *fill*         0x00000000080030b6        0x2 
 .text.HAL_CRC_Init
                0x00000000080030b8       0xc8 ./Drivers/STM32L4xx_HAL_Driver/Src/stm32l4xx_hal_crc.o
                0x00000000080030b8                HAL_CRC_Init
 .text.HAL_CRCEx_Polynomial_Set
                0x0000000008003180      0x10c ./Drivers/STM32L4xx_HAL_Driver/Src/stm32l4xx_hal_crc_ex.o
                0x0000000008003180                HAL_CRCEx_Polynomial_Set
 .text.HAL_GPIO_Init
                0x000000000800328c      0x354 ./Drivers/STM32L4xx_HAL_Driver/Src/stm32l4xx_hal_gpio.o
                0x000000000800328c                HAL_GPIO_Init
 .text.HAL_GPIO_DeInit
                0x00000000080035e0      0x1e8 ./Drivers/STM32L4xx_HAL_Driver/Src/stm32l4xx_hal_gpio.o
                0x00000000080035e0                HAL_GPIO_DeInit
 .text.HAL_GPIO_WritePin
                0x00000000080037c8       0x30 ./Drivers/STM32L4xx_HAL_Driver/Src/stm32l4xx_hal_gpio.o
                0x00000000080037c8                HAL_GPIO_WritePin
 .text.HAL_GPIO_TogglePin
                0x00000000080037f8       0x34 ./Drivers/STM32L4xx_HAL_Driver/Src/stm32l4xx_hal_gpio.o
                0x00000000080037f8                HAL_GPIO_TogglePin
 .text.HAL_GPIO_EXTI_IRQHandler
                0x000000000800382c       0x30 ./Drivers/STM32L4xx_HAL_Driver/Src/stm32l4xx_hal_gpio.o
                0x000000000800382c                HAL_GPIO_EXTI_IRQHandler
 .text.HAL_I2C_Init
                0x000000000800385c      0x11e ./Drivers/STM32L4xx_HAL_Driver/Src/stm32l4xx_hal_i2c.o
                0x000000000800385c                HAL_I2C_Init
 .text.HAL_I2C_DeInit
                0x000000000800397a       0x5e ./Drivers/STM32L4xx_HAL_Driver/Src/stm32l4xx_hal_i2c.o
                0x000000000800397a                HAL_I2C_DeInit
 .text.HAL_I2C_MspInit
                0x00000000080039d8       0x14 ./Drivers/STM32L4xx_HAL_Driver/Src/stm32l4xx_hal_i2c.o
                0x00000000080039d8                HAL_I2C_MspInit
 .text.HAL_I2C_MspDeInit
                0x00000000080039ec       0x14 ./Drivers/STM32L4xx_HAL_Driver/Src/stm32l4xx_hal_i2c.o
                0x00000000080039ec                HAL_I2C_MspDeInit
 .text.HAL_I2C_Mem_Write
                0x0000000008003a00      0x228 ./Drivers/STM32L4xx_HAL_Driver/Src/stm32l4xx_hal_i2c.o
                0x0000000008003a00                HAL_I2C_Mem_Write
 .text.HAL_I2C_Mem_Read
                0x0000000008003c28      0x234 ./Drivers/STM32L4xx_HAL_Driver/Src/stm32l4xx_hal_i2c.o
                0x0000000008003c28                HAL_I2C_Mem_Read
 .text.HAL_I2C_GetState
                0x0000000008003e5c       0x1c ./Drivers/STM32L4xx_HAL_Driver/Src/stm32l4xx_hal_i2c.o
                0x0000000008003e5c                HAL_I2C_GetState
 .text.HAL_I2C_GetError
                0x0000000008003e78       0x18 ./Drivers/STM32L4xx_HAL_Driver/Src/stm32l4xx_hal_i2c.o
                0x0000000008003e78                HAL_I2C_GetError
 .text.I2C_RequestMemoryWrite
                0x0000000008003e90       0xa8 ./Drivers/STM32L4xx_HAL_Driver/Src/stm32l4xx_hal_i2c.o
 .text.I2C_RequestMemoryRead
                0x0000000008003f38       0xa8 ./Drivers/STM32L4xx_HAL_Driver/Src/stm32l4xx_hal_i2c.o
 .text.I2C_Flush_TXDR
                0x0000000008003fe0       0x48 ./Drivers/STM32L4xx_HAL_Driver/Src/stm32l4xx_hal_i2c.o
 .text.I2C_WaitOnFlagUntilTimeout
                0x0000000008004028       0x80 ./Drivers/STM32L4xx_HAL_Driver/Src/stm32l4xx_hal_i2c.o
 .text.I2C_WaitOnTXISFlagUntilTimeout
                0x00000000080040a8       0x80 ./Drivers/STM32L4xx_HAL_Driver/Src/stm32l4xx_hal_i2c.o
 .text.I2C_WaitOnSTOPFlagUntilTimeout
                0x0000000008004128       0x78 ./Drivers/STM32L4xx_HAL_Driver/Src/stm32l4xx_hal_i2c.o
 .text.I2C_IsAcknowledgeFailed
                0x00000000080041a0       0xcc ./Drivers/STM32L4xx_HAL_Driver/Src/stm32l4xx_hal_i2c.o
 .text.I2C_TransferConfig
                0x000000000800426c       0x5c ./Drivers/STM32L4xx_HAL_Driver/Src/stm32l4xx_hal_i2c.o
 .text.HAL_I2CEx_ConfigAnalogFilter
                0x00000000080042c8       0x96 ./Drivers/STM32L4xx_HAL_Driver/Src/stm32l4xx_hal_i2c_ex.o
                0x00000000080042c8                HAL_I2CEx_ConfigAnalogFilter
 .text.HAL_I2CEx_ConfigDigitalFilter
                0x000000000800435e       0x98 ./Drivers/STM32L4xx_HAL_Driver/Src/stm32l4xx_hal_i2c_ex.o
                0x000000000800435e                HAL_I2CEx_ConfigDigitalFilter
 *fill*         0x00000000080043f6        0x2 
 .text.HAL_PWREx_GetVoltageRange
                0x00000000080043f8       0x1c ./Drivers/STM32L4xx_HAL_Driver/Src/stm32l4xx_hal_pwr_ex.o
                0x00000000080043f8                HAL_PWREx_GetVoltageRange
 .text.HAL_PWREx_ControlVoltageScaling
                0x0000000008004414       0xac ./Drivers/STM32L4xx_HAL_Driver/Src/stm32l4xx_hal_pwr_ex.o
                0x0000000008004414                HAL_PWREx_ControlVoltageScaling
 .text.HAL_RCC_OscConfig
                0x00000000080044c0      0x7cc ./Drivers/STM32L4xx_HAL_Driver/Src/stm32l4xx_hal_rcc.o
                0x00000000080044c0                HAL_RCC_OscConfig
 .text.HAL_RCC_ClockConfig
                0x0000000008004c8c      0x1c4 ./Drivers/STM32L4xx_HAL_Driver/Src/stm32l4xx_hal_rcc.o
                0x0000000008004c8c                HAL_RCC_ClockConfig
 .text.HAL_RCC_GetSysClockFreq
                0x0000000008004e50      0x118 ./Drivers/STM32L4xx_HAL_Driver/Src/stm32l4xx_hal_rcc.o
                0x0000000008004e50                HAL_RCC_GetSysClockFreq
 .text.HAL_RCC_GetHCLKFreq
                0x0000000008004f68       0x18 ./Drivers/STM32L4xx_HAL_Driver/Src/stm32l4xx_hal_rcc.o
                0x0000000008004f68                HAL_RCC_GetHCLKFreq
 .text.HAL_RCC_GetPCLK1Freq
                0x0000000008004f80       0x2c ./Drivers/STM32L4xx_HAL_Driver/Src/stm32l4xx_hal_rcc.o
                0x0000000008004f80                HAL_RCC_GetPCLK1Freq
 .text.HAL_RCC_GetPCLK2Freq
                0x0000000008004fac       0x2c ./Drivers/STM32L4xx_HAL_Driver/Src/stm32l4xx_hal_rcc.o
                0x0000000008004fac                HAL_RCC_GetPCLK2Freq
 .text.RCC_SetFlashLatencyFromMSIRange
                0x0000000008004fd8       0xc0 ./Drivers/STM32L4xx_HAL_Driver/Src/stm32l4xx_hal_rcc.o
 .text.HAL_RCCEx_PeriphCLKConfig
                0x0000000008005098      0x5d4 ./Drivers/STM32L4xx_HAL_Driver/Src/stm32l4xx_hal_rcc_ex.o
                0x0000000008005098                HAL_RCCEx_PeriphCLKConfig
 .text.RCCEx_PLLSAI1_Config
                0x000000000800566c      0x1e8 ./Drivers/STM32L4xx_HAL_Driver/Src/stm32l4xx_hal_rcc_ex.o
 .text.RCCEx_PLLSAI2_Config
                0x0000000008005854      0x1bc ./Drivers/STM32L4xx_HAL_Driver/Src/stm32l4xx_hal_rcc_ex.o
 .text.HAL_UART_Init
                0x0000000008005a10       0x9c ./Drivers/STM32L4xx_HAL_Driver/Src/stm32l4xx_hal_uart.o
                0x0000000008005a10                HAL_UART_Init
 .text.HAL_UART_Transmit
                0x0000000008005aac      0x128 ./Drivers/STM32L4xx_HAL_Driver/Src/stm32l4xx_hal_uart.o
                0x0000000008005aac                HAL_UART_Transmit
 .text.UART_SetConfig
                0x0000000008005bd4      0x514 ./Drivers/STM32L4xx_HAL_Driver/Src/stm32l4xx_hal_uart.o
                0x0000000008005bd4                UART_SetConfig
 .text.UART_AdvFeatureConfig
                0x00000000080060e8      0x144 ./Drivers/STM32L4xx_HAL_Driver/Src/stm32l4xx_hal_uart.o
                0x00000000080060e8                UART_AdvFeatureConfig
 .text.UART_CheckIdleState
                0x000000000800622c       0x92 ./Drivers/STM32L4xx_HAL_Driver/Src/stm32l4xx_hal_uart.o
                0x000000000800622c                UART_CheckIdleState
 .text.UART_WaitOnFlagUntilTimeout
                0x00000000080062be       0xf8 ./Drivers/STM32L4xx_HAL_Driver/Src/stm32l4xx_hal_uart.o
                0x00000000080062be                UART_WaitOnFlagUntilTimeout
 *fill*         0x00000000080063b6        0x2 
 .text.network_configure_activations
                0x00000000080063b8       0xb4 ./X-CUBE-AI/App/network.o
 .text.network_configure_weights
                0x000000000800646c      0x158 ./X-CUBE-AI/App/network.o
 .text.ai_network_get_error
                0x00000000080065c4       0x18 ./X-CUBE-AI/App/network.o
                0x00000000080065c4                ai_network_get_error
 .text.ai_network_create
                0x00000000080065dc       0x2c ./X-CUBE-AI/App/network.o
                0x00000000080065dc                ai_network_create
 .text.ai_network_init
                0x0000000008006608       0x78 ./X-CUBE-AI/App/network.o
                0x0000000008006608                ai_network_init
 .text.ai_network_run
                0x0000000008006680       0x20 ./X-CUBE-AI/App/network.o
                0x0000000008006680                ai_network_run
 .text.ai_network_data_weights_get
                0x00000000080066a0       0x14 ./X-CUBE-AI/App/network_data.o
                0x00000000080066a0                ai_network_data_weights_get
 .text._ai_platform_acquire_crc
                0x00000000080066b4        0x4 ../Middlewares/ST/AI/Lib\NetworkRuntime700_CM4_GCC.a(ai_platform_interface.o)
                0x00000000080066b4                _ai_platform_acquire_crc
 .text._ai_platform_release_crc
                0x00000000080066b8        0x4 ../Middlewares/ST/AI/Lib\NetworkRuntime700_CM4_GCC.a(ai_platform_interface.o)
                0x00000000080066b8                _ai_platform_release_crc
 .text.ai_platform_get_weights_map
                0x00000000080066bc       0x68 ../Middlewares/ST/AI/Lib\NetworkRuntime700_CM4_GCC.a(ai_platform_interface.o)
                0x00000000080066bc                ai_platform_get_weights_map
 .text.ai_platform_get_activations_map
                0x0000000008006724       0x68 ../Middlewares/ST/AI/Lib\NetworkRuntime700_CM4_GCC.a(ai_platform_interface.o)
                0x0000000008006724                ai_platform_get_activations_map
 .text.ai_platform_network_get_error
                0x000000000800678c       0xf4 ../Middlewares/ST/AI/Lib\NetworkRuntime700_CM4_GCC.a(ai_platform_interface.o)
                0x000000000800678c                ai_platform_network_get_error
 .text.ai_platform_network_create
                0x0000000008006880      0x1ac ../Middlewares/ST/AI/Lib\NetworkRuntime700_CM4_GCC.a(ai_platform_interface.o)
                0x0000000008006880                ai_platform_network_create
 .text.ai_platform_network_init
                0x0000000008006a2c      0x224 ../Middlewares/ST/AI/Lib\NetworkRuntime700_CM4_GCC.a(ai_platform_interface.o)
                0x0000000008006a2c                ai_platform_network_init
 .text.ai_platform_network_post_init
                0x0000000008006c50      0x128 ../Middlewares/ST/AI/Lib\NetworkRuntime700_CM4_GCC.a(ai_platform_interface.o)
                0x0000000008006c50                ai_platform_network_post_init
 .text.ai_platform_network_process
                0x0000000008006d78      0x4fc ../Middlewares/ST/AI/Lib\NetworkRuntime700_CM4_GCC.a(ai_platform_interface.o)
                0x0000000008006d78                ai_platform_network_process
 .text.core_init
                0x0000000008007274        0x4 ../Middlewares/ST/AI/Lib\NetworkRuntime700_CM4_GCC.a(core_common.o)
                0x0000000008007274                core_init
 .text.core_get_error
                0x0000000008007278        0xc ../Middlewares/ST/AI/Lib\NetworkRuntime700_CM4_GCC.a(core_common.o)
                0x0000000008007278                core_get_error
 .text.core_set_error
                0x0000000008007284       0x18 ../Middlewares/ST/AI/Lib\NetworkRuntime700_CM4_GCC.a(core_common.o)
                0x0000000008007284                core_set_error
 .text.func_dummy
                0x000000000800729c        0x4 ../Middlewares/ST/AI/Lib\NetworkRuntime700_CM4_GCC.a(layers_conv2d_generic_float.o)
 .text.ai_dict8_dot_array_f32
                0x00000000080072a0      0x19c ../Middlewares/ST/AI/Lib\NetworkRuntime700_CM4_GCC.a(layers_conv2d_generic_float.o)
                0x00000000080072a0                ai_dict8_dot_array_f32
 .text.ai_dict4_dot_array_f32
                0x000000000800743c      0x17c ../Middlewares/ST/AI/Lib\NetworkRuntime700_CM4_GCC.a(layers_conv2d_generic_float.o)
                0x000000000800743c                ai_dict4_dot_array_f32
 .text.ai_dict_decompress_f32
                0x00000000080075b8       0xa0 ../Middlewares/ST/AI/Lib\NetworkRuntime700_CM4_GCC.a(layers_conv2d_generic_float.o)
                0x00000000080075b8                ai_dict_decompress_f32
 .text.forward_conv2d
                0x0000000008007658      0xfa4 ../Middlewares/ST/AI/Lib\NetworkRuntime700_CM4_GCC.a(layers_conv2d_generic_float.o)
                0x0000000008007658                forward_conv2d
 .text.forward_dense
                0x00000000080085fc      0x470 ../Middlewares/ST/AI/Lib\NetworkRuntime700_CM4_GCC.a(layers_conv2d_generic_float.o)
                0x00000000080085fc                forward_dense
 .text.nl_func_relu_array_f32
                0x0000000008008a6c       0x50 ../Middlewares/ST/AI/Lib\NetworkRuntime700_CM4_GCC.a(layers_nl_generic_float.o)
                0x0000000008008a6c                nl_func_relu_array_f32
 .text.nl_func_sm_array_f32
                0x0000000008008abc      0x100 ../Middlewares/ST/AI/Lib\NetworkRuntime700_CM4_GCC.a(layers_nl_generic_float.o)
                0x0000000008008abc                nl_func_sm_array_f32
 .text.nl_func_relu_generic_array_f32
                0x0000000008008bbc       0xfc ../Middlewares/ST/AI/Lib\NetworkRuntime700_CM4_GCC.a(layers_nl_generic_float.o)
                0x0000000008008bbc                nl_func_relu_generic_array_f32
 .text.forward_relu
                0x0000000008008cb8      0x124 ../Middlewares/ST/AI/Lib\NetworkRuntime700_CM4_GCC.a(layers_nl_generic_float.o)
                0x0000000008008cb8                forward_relu
 .text.forward_sm
                0x0000000008008ddc       0x64 ../Middlewares/ST/AI/Lib\NetworkRuntime700_CM4_GCC.a(layers_nl_generic_float.o)
                0x0000000008008ddc                forward_sm
 .text.ai_check_custom_types
                0x0000000008008e40       0x54 ../Middlewares/ST/AI/Lib\NetworkRuntime700_CM4_GCC.a(layers.o)
                0x0000000008008e40                ai_check_custom_types
 .text.ai_layers_init_all
                0x0000000008008e94       0x28 ../Middlewares/ST/AI/Lib\NetworkRuntime700_CM4_GCC.a(layers.o)
                0x0000000008008e94                ai_layers_init_all
 .text.ai_layers_post_init_all
                0x0000000008008ebc       0x30 ../Middlewares/ST/AI/Lib\NetworkRuntime700_CM4_GCC.a(layers.o)
                0x0000000008008ebc                ai_layers_post_init_all
 .text.ai_layers_forward_all
                0x0000000008008eec       0x9c ../Middlewares/ST/AI/Lib\NetworkRuntime700_CM4_GCC.a(layers.o)
                0x0000000008008eec                ai_layers_forward_all
 .text.ai_array_to_buffer_fmt
                0x0000000008008f88       0xb0 ../Middlewares/ST/AI/Lib\NetworkRuntime700_CM4_GCC.a(ai_datatypes_format.o)
                0x0000000008008f88                ai_array_to_buffer_fmt
 .text.ai_array_get_byte_size
                0x0000000008009038       0x44 ../Middlewares/ST/AI/Lib\NetworkRuntime700_CM4_GCC.a(ai_datatypes_format.o)
                0x0000000008009038                ai_array_get_byte_size
 .text.__errno  0x000000000800907c        0xc c:/program files/stmicroelectronics/stm32cube/stm32cubeide_1.7.0/stm32cubeide/plugins/com.st.stm32cube.ide.mcu.externaltools.gnu-tools-for-stm32.9-2020-q2-update.win32_2.0.0.202105311346/tools/bin/../lib/gcc/arm-none-eabi/9.3.1/../../../../arm-none-eabi/lib/thumb/v7e-m+fp/hard\libc_nano.a(lib_a-errno.o)
                0x000000000800907c                __errno
 .text.__libc_init_array
                0x0000000008009088       0x48 c:/program files/stmicroelectronics/stm32cube/stm32cubeide_1.7.0/stm32cubeide/plugins/com.st.stm32cube.ide.mcu.externaltools.gnu-tools-for-stm32.9-2020-q2-update.win32_2.0.0.202105311346/tools/bin/../lib/gcc/arm-none-eabi/9.3.1/../../../../arm-none-eabi/lib/thumb/v7e-m+fp/hard\libc_nano.a(lib_a-init.o)
                0x0000000008009088                __libc_init_array
 .text.malloc   0x00000000080090d0       0x10 c:/program files/stmicroelectronics/stm32cube/stm32cubeide_1.7.0/stm32cubeide/plugins/com.st.stm32cube.ide.mcu.externaltools.gnu-tools-for-stm32.9-2020-q2-update.win32_2.0.0.202105311346/tools/bin/../lib/gcc/arm-none-eabi/9.3.1/../../../../arm-none-eabi/lib/thumb/v7e-m+fp/hard\libc_nano.a(lib_a-malloc.o)
                0x00000000080090d0                malloc
 .text.memcpy   0x00000000080090e0       0x1c c:/program files/stmicroelectronics/stm32cube/stm32cubeide_1.7.0/stm32cubeide/plugins/com.st.stm32cube.ide.mcu.externaltools.gnu-tools-for-stm32.9-2020-q2-update.win32_2.0.0.202105311346/tools/bin/../lib/gcc/arm-none-eabi/9.3.1/../../../../arm-none-eabi/lib/thumb/v7e-m+fp/hard\libc_nano.a(lib_a-memcpy-stub.o)
                0x00000000080090e0                memcpy
 .text.memset   0x00000000080090fc       0x10 c:/program files/stmicroelectronics/stm32cube/stm32cubeide_1.7.0/stm32cubeide/plugins/com.st.stm32cube.ide.mcu.externaltools.gnu-tools-for-stm32.9-2020-q2-update.win32_2.0.0.202105311346/tools/bin/../lib/gcc/arm-none-eabi/9.3.1/../../../../arm-none-eabi/lib/thumb/v7e-m+fp/hard\libc_nano.a(lib_a-memset.o)
                0x00000000080090fc                memset
 .text._free_r  0x000000000800910c       0xa0 c:/program files/stmicroelectronics/stm32cube/stm32cubeide_1.7.0/stm32cubeide/plugins/com.st.stm32cube.ide.mcu.externaltools.gnu-tools-for-stm32.9-2020-q2-update.win32_2.0.0.202105311346/tools/bin/../lib/gcc/arm-none-eabi/9.3.1/../../../../arm-none-eabi/lib/thumb/v7e-m+fp/hard\libc_nano.a(lib_a-nano-freer.o)
                0x000000000800910c                _free_r
 .text._malloc_r
                0x00000000080091ac       0xb4 c:/program files/stmicroelectronics/stm32cube/stm32cubeide_1.7.0/stm32cubeide/plugins/com.st.stm32cube.ide.mcu.externaltools.gnu-tools-for-stm32.9-2020-q2-update.win32_2.0.0.202105311346/tools/bin/../lib/gcc/arm-none-eabi/9.3.1/../../../../arm-none-eabi/lib/thumb/v7e-m+fp/hard\libc_nano.a(lib_a-nano-mallocr.o)
                0x00000000080091ac                _malloc_r
 .text.__cvt    0x0000000008009260       0xc4 c:/program files/stmicroelectronics/stm32cube/stm32cubeide_1.7.0/stm32cubeide/plugins/com.st.stm32cube.ide.mcu.externaltools.gnu-tools-for-stm32.9-2020-q2-update.win32_2.0.0.202105311346/tools/bin/../lib/gcc/arm-none-eabi/9.3.1/../../../../arm-none-eabi/lib/thumb/v7e-m+fp/hard\libc_nano.a(lib_a-nano-vfprintf_float.o)
                0x0000000008009260                __cvt
 .text.__exponent
                0x0000000008009324       0x7c c:/program files/stmicroelectronics/stm32cube/stm32cubeide_1.7.0/stm32cubeide/plugins/com.st.stm32cube.ide.mcu.externaltools.gnu-tools-for-stm32.9-2020-q2-update.win32_2.0.0.202105311346/tools/bin/../lib/gcc/arm-none-eabi/9.3.1/../../../../arm-none-eabi/lib/thumb/v7e-m+fp/hard\libc_nano.a(lib_a-nano-vfprintf_float.o)
                0x0000000008009324                __exponent
 .text._printf_float
                0x00000000080093a0      0x46c c:/program files/stmicroelectronics/stm32cube/stm32cubeide_1.7.0/stm32cubeide/plugins/com.st.stm32cube.ide.mcu.externaltools.gnu-tools-for-stm32.9-2020-q2-update.win32_2.0.0.202105311346/tools/bin/../lib/gcc/arm-none-eabi/9.3.1/../../../../arm-none-eabi/lib/thumb/v7e-m+fp/hard\libc_nano.a(lib_a-nano-vfprintf_float.o)
                0x00000000080093a0                _printf_float
 .text._printf_common
                0x000000000800980c       0xda c:/program files/stmicroelectronics/stm32cube/stm32cubeide_1.7.0/stm32cubeide/plugins/com.st.stm32cube.ide.mcu.externaltools.gnu-tools-for-stm32.9-2020-q2-update.win32_2.0.0.202105311346/tools/bin/../lib/gcc/arm-none-eabi/9.3.1/../../../../arm-none-eabi/lib/thumb/v7e-m+fp/hard\libc_nano.a(lib_a-nano-vfprintf_i.o)
                0x000000000800980c                _printf_common
 *fill*         0x00000000080098e6        0x2 
 .text._printf_i
                0x00000000080098e8      0x24c c:/program files/stmicroelectronics/stm32cube/stm32cubeide_1.7.0/stm32cubeide/plugins/com.st.stm32cube.ide.mcu.externaltools.gnu-tools-for-stm32.9-2020-q2-update.win32_2.0.0.202105311346/tools/bin/../lib/gcc/arm-none-eabi/9.3.1/../../../../arm-none-eabi/lib/thumb/v7e-m+fp/hard\libc_nano.a(lib_a-nano-vfprintf_i.o)
                0x00000000080098e8                _printf_i
 .text.printf   0x0000000008009b34       0x30 c:/program files/stmicroelectronics/stm32cube/stm32cubeide_1.7.0/stm32cubeide/plugins/com.st.stm32cube.ide.mcu.externaltools.gnu-tools-for-stm32.9-2020-q2-update.win32_2.0.0.202105311346/tools/bin/../lib/gcc/arm-none-eabi/9.3.1/../../../../arm-none-eabi/lib/thumb/v7e-m+fp/hard\libc_nano.a(lib_a-printf.o)
                0x0000000008009b34                iprintf
                0x0000000008009b34                printf
 .text._sbrk_r  0x0000000008009b64       0x20 c:/program files/stmicroelectronics/stm32cube/stm32cubeide_1.7.0/stm32cubeide/plugins/com.st.stm32cube.ide.mcu.externaltools.gnu-tools-for-stm32.9-2020-q2-update.win32_2.0.0.202105311346/tools/bin/../lib/gcc/arm-none-eabi/9.3.1/../../../../arm-none-eabi/lib/thumb/v7e-m+fp/hard\libc_nano.a(lib_a-sbrkr.o)
                0x0000000008009b64                _sbrk_r
 .text._vsnprintf_r
                0x0000000008009b84       0x58 c:/program files/stmicroelectronics/stm32cube/stm32cubeide_1.7.0/stm32cubeide/plugins/com.st.stm32cube.ide.mcu.externaltools.gnu-tools-for-stm32.9-2020-q2-update.win32_2.0.0.202105311346/tools/bin/../lib/gcc/arm-none-eabi/9.3.1/../../../../arm-none-eabi/lib/thumb/v7e-m+fp/hard\libc_nano.a(lib_a-vsnprintf.o)
                0x0000000008009b84                _vsniprintf_r
                0x0000000008009b84                _vsnprintf_r
 .text.vsnprintf
                0x0000000008009bdc       0x1c c:/program files/stmicroelectronics/stm32cube/stm32cubeide_1.7.0/stm32cubeide/plugins/com.st.stm32cube.ide.mcu.externaltools.gnu-tools-for-stm32.9-2020-q2-update.win32_2.0.0.202105311346/tools/bin/../lib/gcc/arm-none-eabi/9.3.1/../../../../arm-none-eabi/lib/thumb/v7e-m+fp/hard\libc_nano.a(lib_a-vsnprintf.o)
                0x0000000008009bdc                vsniprintf
                0x0000000008009bdc                vsnprintf
 .text.quorem   0x0000000008009bf8      0x116 c:/program files/stmicroelectronics/stm32cube/stm32cubeide_1.7.0/stm32cubeide/plugins/com.st.stm32cube.ide.mcu.externaltools.gnu-tools-for-stm32.9-2020-q2-update.win32_2.0.0.202105311346/tools/bin/../lib/gcc/arm-none-eabi/9.3.1/../../../../arm-none-eabi/lib/thumb/v7e-m+fp/hard\libc_nano.a(lib_a-dtoa.o)
 *fill*         0x0000000008009d0e        0x2 
 .text._dtoa_r  0x0000000008009d10      0xbd8 c:/program files/stmicroelectronics/stm32cube/stm32cubeide_1.7.0/stm32cubeide/plugins/com.st.stm32cube.ide.mcu.externaltools.gnu-tools-for-stm32.9-2020-q2-update.win32_2.0.0.202105311346/tools/bin/../lib/gcc/arm-none-eabi/9.3.1/../../../../arm-none-eabi/lib/thumb/v7e-m+fp/hard\libc_nano.a(lib_a-dtoa.o)
                0x0000000008009d10                _dtoa_r
 .text.std      0x000000000800a8e8       0x48 c:/program files/stmicroelectronics/stm32cube/stm32cubeide_1.7.0/stm32cubeide/plugins/com.st.stm32cube.ide.mcu.externaltools.gnu-tools-for-stm32.9-2020-q2-update.win32_2.0.0.202105311346/tools/bin/../lib/gcc/arm-none-eabi/9.3.1/../../../../arm-none-eabi/lib/thumb/v7e-m+fp/hard\libc_nano.a(lib_a-findfp.o)
 .text._cleanup_r
                0x000000000800a930        0xc c:/program files/stmicroelectronics/stm32cube/stm32cubeide_1.7.0/stm32cubeide/plugins/com.st.stm32cube.ide.mcu.externaltools.gnu-tools-for-stm32.9-2020-q2-update.win32_2.0.0.202105311346/tools/bin/../lib/gcc/arm-none-eabi/9.3.1/../../../../arm-none-eabi/lib/thumb/v7e-m+fp/hard\libc_nano.a(lib_a-findfp.o)
                0x000000000800a930                _cleanup_r
 .text.__sfmoreglue
                0x000000000800a93c       0x2c c:/program files/stmicroelectronics/stm32cube/stm32cubeide_1.7.0/stm32cubeide/plugins/com.st.stm32cube.ide.mcu.externaltools.gnu-tools-for-stm32.9-2020-q2-update.win32_2.0.0.202105311346/tools/bin/../lib/gcc/arm-none-eabi/9.3.1/../../../../arm-none-eabi/lib/thumb/v7e-m+fp/hard\libc_nano.a(lib_a-findfp.o)
                0x000000000800a93c                __sfmoreglue
 .text.__sfp_lock_acquire
                0x000000000800a968        0xc c:/program files/stmicroelectronics/stm32cube/stm32cubeide_1.7.0/stm32cubeide/plugins/com.st.stm32cube.ide.mcu.externaltools.gnu-tools-for-stm32.9-2020-q2-update.win32_2.0.0.202105311346/tools/bin/../lib/gcc/arm-none-eabi/9.3.1/../../../../arm-none-eabi/lib/thumb/v7e-m+fp/hard\libc_nano.a(lib_a-findfp.o)
                0x000000000800a968                __sfp_lock_acquire
 .text.__sfp_lock_release
                0x000000000800a974        0xc c:/program files/stmicroelectronics/stm32cube/stm32cubeide_1.7.0/stm32cubeide/plugins/com.st.stm32cube.ide.mcu.externaltools.gnu-tools-for-stm32.9-2020-q2-update.win32_2.0.0.202105311346/tools/bin/../lib/gcc/arm-none-eabi/9.3.1/../../../../arm-none-eabi/lib/thumb/v7e-m+fp/hard\libc_nano.a(lib_a-findfp.o)
                0x000000000800a974                __sfp_lock_release
 .text.__sinit_lock_acquire
                0x000000000800a980        0xc c:/program files/stmicroelectronics/stm32cube/stm32cubeide_1.7.0/stm32cubeide/plugins/com.st.stm32cube.ide.mcu.externaltools.gnu-tools-for-stm32.9-2020-q2-update.win32_2.0.0.202105311346/tools/bin/../lib/gcc/arm-none-eabi/9.3.1/../../../../arm-none-eabi/lib/thumb/v7e-m+fp/hard\libc_nano.a(lib_a-findfp.o)
                0x000000000800a980                __sinit_lock_acquire
 .text.__sinit_lock_release
                0x000000000800a98c        0xc c:/program files/stmicroelectronics/stm32cube/stm32cubeide_1.7.0/stm32cubeide/plugins/com.st.stm32cube.ide.mcu.externaltools.gnu-tools-for-stm32.9-2020-q2-update.win32_2.0.0.202105311346/tools/bin/../lib/gcc/arm-none-eabi/9.3.1/../../../../arm-none-eabi/lib/thumb/v7e-m+fp/hard\libc_nano.a(lib_a-findfp.o)
                0x000000000800a98c                __sinit_lock_release
 .text.__sinit  0x000000000800a998       0x70 c:/program files/stmicroelectronics/stm32cube/stm32cubeide_1.7.0/stm32cubeide/plugins/com.st.stm32cube.ide.mcu.externaltools.gnu-tools-for-stm32.9-2020-q2-update.win32_2.0.0.202105311346/tools/bin/../lib/gcc/arm-none-eabi/9.3.1/../../../../arm-none-eabi/lib/thumb/v7e-m+fp/hard\libc_nano.a(lib_a-findfp.o)
                0x000000000800a998                __sinit
 .text.__sfp    0x000000000800aa08       0x8c c:/program files/stmicroelectronics/stm32cube/stm32cubeide_1.7.0/stm32cubeide/plugins/com.st.stm32cube.ide.mcu.externaltools.gnu-tools-for-stm32.9-2020-q2-update.win32_2.0.0.202105311346/tools/bin/../lib/gcc/arm-none-eabi/9.3.1/../../../../arm-none-eabi/lib/thumb/v7e-m+fp/hard\libc_nano.a(lib_a-findfp.o)
                0x000000000800aa08                __sfp
 .text._fwalk_reent
                0x000000000800aa94       0x3e c:/program files/stmicroelectronics/stm32cube/stm32cubeide_1.7.0/stm32cubeide/plugins/com.st.stm32cube.ide.mcu.externaltools.gnu-tools-for-stm32.9-2020-q2-update.win32_2.0.0.202105311346/tools/bin/../lib/gcc/arm-none-eabi/9.3.1/../../../../arm-none-eabi/lib/thumb/v7e-m+fp/hard\libc_nano.a(lib_a-fwalk.o)
                0x000000000800aa94                _fwalk_reent
 *fill*         0x000000000800aad2        0x2 
 .text._localeconv_r
                0x000000000800aad4        0x8 c:/program files/stmicroelectronics/stm32cube/stm32cubeide_1.7.0/stm32cubeide/plugins/com.st.stm32cube.ide.mcu.externaltools.gnu-tools-for-stm32.9-2020-q2-update.win32_2.0.0.202105311346/tools/bin/../lib/gcc/arm-none-eabi/9.3.1/../../../../arm-none-eabi/lib/thumb/v7e-m+fp/hard\libc_nano.a(lib_a-localeconv.o)
                0x000000000800aad4                _localeconv_r
 .text.__retarget_lock_init_recursive
                0x000000000800aadc        0x2 c:/program files/stmicroelectronics/stm32cube/stm32cubeide_1.7.0/stm32cubeide/plugins/com.st.stm32cube.ide.mcu.externaltools.gnu-tools-for-stm32.9-2020-q2-update.win32_2.0.0.202105311346/tools/bin/../lib/gcc/arm-none-eabi/9.3.1/../../../../arm-none-eabi/lib/thumb/v7e-m+fp/hard\libc_nano.a(lib_a-lock.o)
                0x000000000800aadc                __retarget_lock_init_recursive
 .text.__retarget_lock_acquire_recursive
                0x000000000800aade        0x2 c:/program files/stmicroelectronics/stm32cube/stm32cubeide_1.7.0/stm32cubeide/plugins/com.st.stm32cube.ide.mcu.externaltools.gnu-tools-for-stm32.9-2020-q2-update.win32_2.0.0.202105311346/tools/bin/../lib/gcc/arm-none-eabi/9.3.1/../../../../arm-none-eabi/lib/thumb/v7e-m+fp/hard\libc_nano.a(lib_a-lock.o)
                0x000000000800aade                __retarget_lock_acquire_recursive
 .text.__retarget_lock_release_recursive
                0x000000000800aae0        0x2 c:/program files/stmicroelectronics/stm32cube/stm32cubeide_1.7.0/stm32cubeide/plugins/com.st.stm32cube.ide.mcu.externaltools.gnu-tools-for-stm32.9-2020-q2-update.win32_2.0.0.202105311346/tools/bin/../lib/gcc/arm-none-eabi/9.3.1/../../../../arm-none-eabi/lib/thumb/v7e-m+fp/hard\libc_nano.a(lib_a-lock.o)
                0x000000000800aae0                __retarget_lock_release_recursive
 *fill*         0x000000000800aae2        0x2 
 .text.__malloc_lock
                0x000000000800aae4        0xc c:/program files/stmicroelectronics/stm32cube/stm32cubeide_1.7.0/stm32cubeide/plugins/com.st.stm32cube.ide.mcu.externaltools.gnu-tools-for-stm32.9-2020-q2-update.win32_2.0.0.202105311346/tools/bin/../lib/gcc/arm-none-eabi/9.3.1/../../../../arm-none-eabi/lib/thumb/v7e-m+fp/hard\libc_nano.a(lib_a-mlock.o)
                0x000000000800aae4                __malloc_lock
 .text.__malloc_unlock
                0x000000000800aaf0        0xc c:/program files/stmicroelectronics/stm32cube/stm32cubeide_1.7.0/stm32cubeide/plugins/com.st.stm32cube.ide.mcu.externaltools.gnu-tools-for-stm32.9-2020-q2-update.win32_2.0.0.202105311346/tools/bin/../lib/gcc/arm-none-eabi/9.3.1/../../../../arm-none-eabi/lib/thumb/v7e-m+fp/hard\libc_nano.a(lib_a-mlock.o)
                0x000000000800aaf0                __malloc_unlock
 .text._Balloc  0x000000000800aafc       0x80 c:/program files/stmicroelectronics/stm32cube/stm32cubeide_1.7.0/stm32cubeide/plugins/com.st.stm32cube.ide.mcu.externaltools.gnu-tools-for-stm32.9-2020-q2-update.win32_2.0.0.202105311346/tools/bin/../lib/gcc/arm-none-eabi/9.3.1/../../../../arm-none-eabi/lib/thumb/v7e-m+fp/hard\libc_nano.a(lib_a-mprec.o)
                0x000000000800aafc                _Balloc
 .text._Bfree   0x000000000800ab7c       0x44 c:/program files/stmicroelectronics/stm32cube/stm32cubeide_1.7.0/stm32cubeide/plugins/com.st.stm32cube.ide.mcu.externaltools.gnu-tools-for-stm32.9-2020-q2-update.win32_2.0.0.202105311346/tools/bin/../lib/gcc/arm-none-eabi/9.3.1/../../../../arm-none-eabi/lib/thumb/v7e-m+fp/hard\libc_nano.a(lib_a-mprec.o)
                0x000000000800ab7c                _Bfree
 .text.__multadd
                0x000000000800abc0       0x94 c:/program files/stmicroelectronics/stm32cube/stm32cubeide_1.7.0/stm32cubeide/plugins/com.st.stm32cube.ide.mcu.externaltools.gnu-tools-for-stm32.9-2020-q2-update.win32_2.0.0.202105311346/tools/bin/../lib/gcc/arm-none-eabi/9.3.1/../../../../arm-none-eabi/lib/thumb/v7e-m+fp/hard\libc_nano.a(lib_a-mprec.o)
                0x000000000800abc0                __multadd
 .text.__hi0bits
                0x000000000800ac54       0x40 c:/program files/stmicroelectronics/stm32cube/stm32cubeide_1.7.0/stm32cubeide/plugins/com.st.stm32cube.ide.mcu.externaltools.gnu-tools-for-stm32.9-2020-q2-update.win32_2.0.0.202105311346/tools/bin/../lib/gcc/arm-none-eabi/9.3.1/../../../../arm-none-eabi/lib/thumb/v7e-m+fp/hard\libc_nano.a(lib_a-mprec.o)
                0x000000000800ac54                __hi0bits
 .text.__lo0bits
                0x000000000800ac94       0x60 c:/program files/stmicroelectronics/stm32cube/stm32cubeide_1.7.0/stm32cubeide/plugins/com.st.stm32cube.ide.mcu.externaltools.gnu-tools-for-stm32.9-2020-q2-update.win32_2.0.0.202105311346/tools/bin/../lib/gcc/arm-none-eabi/9.3.1/../../../../arm-none-eabi/lib/thumb/v7e-m+fp/hard\libc_nano.a(lib_a-mprec.o)
                0x000000000800ac94                __lo0bits
 .text.__i2b    0x000000000800acf4       0x2c c:/program files/stmicroelectronics/stm32cube/stm32cubeide_1.7.0/stm32cubeide/plugins/com.st.stm32cube.ide.mcu.externaltools.gnu-tools-for-stm32.9-2020-q2-update.win32_2.0.0.202105311346/tools/bin/../lib/gcc/arm-none-eabi/9.3.1/../../../../arm-none-eabi/lib/thumb/v7e-m+fp/hard\libc_nano.a(lib_a-mprec.o)
                0x000000000800acf4                __i2b
 .text.__multiply
                0x000000000800ad20      0x14c c:/program files/stmicroelectronics/stm32cube/stm32cubeide_1.7.0/stm32cubeide/plugins/com.st.stm32cube.ide.mcu.externaltools.gnu-tools-for-stm32.9-2020-q2-update.win32_2.0.0.202105311346/tools/bin/../lib/gcc/arm-none-eabi/9.3.1/../../../../arm-none-eabi/lib/thumb/v7e-m+fp/hard\libc_nano.a(lib_a-mprec.o)
                0x000000000800ad20                __multiply
 .text.__pow5mult
                0x000000000800ae6c       0xb4 c:/program files/stmicroelectronics/stm32cube/stm32cubeide_1.7.0/stm32cubeide/plugins/com.st.stm32cube.ide.mcu.externaltools.gnu-tools-for-stm32.9-2020-q2-update.win32_2.0.0.202105311346/tools/bin/../lib/gcc/arm-none-eabi/9.3.1/../../../../arm-none-eabi/lib/thumb/v7e-m+fp/hard\libc_nano.a(lib_a-mprec.o)
                0x000000000800ae6c                __pow5mult
 .text.__lshift
                0x000000000800af20       0xd8 c:/program files/stmicroelectronics/stm32cube/stm32cubeide_1.7.0/stm32cubeide/plugins/com.st.stm32cube.ide.mcu.externaltools.gnu-tools-for-stm32.9-2020-q2-update.win32_2.0.0.202105311346/tools/bin/../lib/gcc/arm-none-eabi/9.3.1/../../../../arm-none-eabi/lib/thumb/v7e-m+fp/hard\libc_nano.a(lib_a-mprec.o)
                0x000000000800af20                __lshift
 .text.__mcmp   0x000000000800aff8       0x38 c:/program files/stmicroelectronics/stm32cube/stm32cubeide_1.7.0/stm32cubeide/plugins/com.st.stm32cube.ide.mcu.externaltools.gnu-tools-for-stm32.9-2020-q2-update.win32_2.0.0.202105311346/tools/bin/../lib/gcc/arm-none-eabi/9.3.1/../../../../arm-none-eabi/lib/thumb/v7e-m+fp/hard\libc_nano.a(lib_a-mprec.o)
                0x000000000800aff8                __mcmp
 .text.__mdiff  0x000000000800b030      0x110 c:/program files/stmicroelectronics/stm32cube/stm32cubeide_1.7.0/stm32cubeide/plugins/com.st.stm32cube.ide.mcu.externaltools.gnu-tools-for-stm32.9-2020-q2-update.win32_2.0.0.202105311346/tools/bin/../lib/gcc/arm-none-eabi/9.3.1/../../../../arm-none-eabi/lib/thumb/v7e-m+fp/hard\libc_nano.a(lib_a-mprec.o)
                0x000000000800b030                __mdiff
 .text.__d2b    0x000000000800b140       0xb8 c:/program files/stmicroelectronics/stm32cube/stm32cubeide_1.7.0/stm32cubeide/plugins/com.st.stm32cube.ide.mcu.externaltools.gnu-tools-for-stm32.9-2020-q2-update.win32_2.0.0.202105311346/tools/bin/../lib/gcc/arm-none-eabi/9.3.1/../../../../arm-none-eabi/lib/thumb/v7e-m+fp/hard\libc_nano.a(lib_a-mprec.o)
                0x000000000800b140                __d2b
 .text._calloc_r
                0x000000000800b1f8       0x1e c:/program files/stmicroelectronics/stm32cube/stm32cubeide_1.7.0/stm32cubeide/plugins/com.st.stm32cube.ide.mcu.externaltools.gnu-tools-for-stm32.9-2020-q2-update.win32_2.0.0.202105311346/tools/bin/../lib/gcc/arm-none-eabi/9.3.1/../../../../arm-none-eabi/lib/thumb/v7e-m+fp/hard\libc_nano.a(lib_a-nano-callocr.o)
                0x000000000800b1f8                _calloc_r
 .text._realloc_r
                0x000000000800b216       0x4c c:/program files/stmicroelectronics/stm32cube/stm32cubeide_1.7.0/stm32cubeide/plugins/com.st.stm32cube.ide.mcu.externaltools.gnu-tools-for-stm32.9-2020-q2-update.win32_2.0.0.202105311346/tools/bin/../lib/gcc/arm-none-eabi/9.3.1/../../../../arm-none-eabi/lib/thumb/v7e-m+fp/hard\libc_nano.a(lib_a-nano-reallocr.o)
                0x000000000800b216                _realloc_r
 .text.__ssputs_r
                0x000000000800b262       0xb6 c:/program files/stmicroelectronics/stm32cube/stm32cubeide_1.7.0/stm32cubeide/plugins/com.st.stm32cube.ide.mcu.externaltools.gnu-tools-for-stm32.9-2020-q2-update.win32_2.0.0.202105311346/tools/bin/../lib/gcc/arm-none-eabi/9.3.1/../../../../arm-none-eabi/lib/thumb/v7e-m+fp/hard\libc_nano.a(lib_a-nano-svfprintf.o)
                0x000000000800b262                __ssputs_r
 .text._svfprintf_r
                0x000000000800b318      0x200 c:/program files/stmicroelectronics/stm32cube/stm32cubeide_1.7.0/stm32cubeide/plugins/com.st.stm32cube.ide.mcu.externaltools.gnu-tools-for-stm32.9-2020-q2-update.win32_2.0.0.202105311346/tools/bin/../lib/gcc/arm-none-eabi/9.3.1/../../../../arm-none-eabi/lib/thumb/v7e-m+fp/hard\libc_nano.a(lib_a-nano-svfprintf.o)
                0x000000000800b318                _svfiprintf_r
                0x000000000800b318                _svfprintf_r
 .text.__sfputc_r
                0x000000000800b518       0x2e c:/program files/stmicroelectronics/stm32cube/stm32cubeide_1.7.0/stm32cubeide/plugins/com.st.stm32cube.ide.mcu.externaltools.gnu-tools-for-stm32.9-2020-q2-update.win32_2.0.0.202105311346/tools/bin/../lib/gcc/arm-none-eabi/9.3.1/../../../../arm-none-eabi/lib/thumb/v7e-m+fp/hard\libc_nano.a(lib_a-nano-vfprintf.o)
 .text.__sfputs_r
                0x000000000800b546       0x24 c:/program files/stmicroelectronics/stm32cube/stm32cubeide_1.7.0/stm32cubeide/plugins/com.st.stm32cube.ide.mcu.externaltools.gnu-tools-for-stm32.9-2020-q2-update.win32_2.0.0.202105311346/tools/bin/../lib/gcc/arm-none-eabi/9.3.1/../../../../arm-none-eabi/lib/thumb/v7e-m+fp/hard\libc_nano.a(lib_a-nano-vfprintf.o)
                0x000000000800b546                __sfputs_r
 *fill*         0x000000000800b56a        0x2 
 .text._vfprintf_r
                0x000000000800b56c      0x260 c:/program files/stmicroelectronics/stm32cube/stm32cubeide_1.7.0/stm32cubeide/plugins/com.st.stm32cube.ide.mcu.externaltools.gnu-tools-for-stm32.9-2020-q2-update.win32_2.0.0.202105311346/tools/bin/../lib/gcc/arm-none-eabi/9.3.1/../../../../arm-none-eabi/lib/thumb/v7e-m+fp/hard\libc_nano.a(lib_a-nano-vfprintf.o)
                0x000000000800b56c                _vfprintf_r
                0x000000000800b56c                _vfiprintf_r
 .text.__sread  0x000000000800b7cc       0x22 c:/program files/stmicroelectronics/stm32cube/stm32cubeide_1.7.0/stm32cubeide/plugins/com.st.stm32cube.ide.mcu.externaltools.gnu-tools-for-stm32.9-2020-q2-update.win32_2.0.0.202105311346/tools/bin/../lib/gcc/arm-none-eabi/9.3.1/../../../../arm-none-eabi/lib/thumb/v7e-m+fp/hard\libc_nano.a(lib_a-stdio.o)
                0x000000000800b7cc                __sread
 .text.__swrite
                0x000000000800b7ee       0x38 c:/program files/stmicroelectronics/stm32cube/stm32cubeide_1.7.0/stm32cubeide/plugins/com.st.stm32cube.ide.mcu.externaltools.gnu-tools-for-stm32.9-2020-q2-update.win32_2.0.0.202105311346/tools/bin/../lib/gcc/arm-none-eabi/9.3.1/../../../../arm-none-eabi/lib/thumb/v7e-m+fp/hard\libc_nano.a(lib_a-stdio.o)
                0x000000000800b7ee                __swrite
 .text.__sseek  0x000000000800b826       0x24 c:/program files/stmicroelectronics/stm32cube/stm32cubeide_1.7.0/stm32cubeide/plugins/com.st.stm32cube.ide.mcu.externaltools.gnu-tools-for-stm32.9-2020-q2-update.win32_2.0.0.202105311346/tools/bin/../lib/gcc/arm-none-eabi/9.3.1/../../../../arm-none-eabi/lib/thumb/v7e-m+fp/hard\libc_nano.a(lib_a-stdio.o)
                0x000000000800b826                __sseek
 .text.__sclose
                0x000000000800b84a        0x8 c:/program files/stmicroelectronics/stm32cube/stm32cubeide_1.7.0/stm32cubeide/plugins/com.st.stm32cube.ide.mcu.externaltools.gnu-tools-for-stm32.9-2020-q2-update.win32_2.0.0.202105311346/tools/bin/../lib/gcc/arm-none-eabi/9.3.1/../../../../arm-none-eabi/lib/thumb/v7e-m+fp/hard\libc_nano.a(lib_a-stdio.o)
                0x000000000800b84a                __sclose
 *fill*         0x000000000800b852        0x2 
 .text.__swbuf_r
                0x000000000800b854       0xa4 c:/program files/stmicroelectronics/stm32cube/stm32cubeide_1.7.0/stm32cubeide/plugins/com.st.stm32cube.ide.mcu.externaltools.gnu-tools-for-stm32.9-2020-q2-update.win32_2.0.0.202105311346/tools/bin/../lib/gcc/arm-none-eabi/9.3.1/../../../../arm-none-eabi/lib/thumb/v7e-m+fp/hard\libc_nano.a(lib_a-wbuf.o)
                0x000000000800b854                __swbuf_r
 .text._write_r
                0x000000000800b8f8       0x24 c:/program files/stmicroelectronics/stm32cube/stm32cubeide_1.7.0/stm32cubeide/plugins/com.st.stm32cube.ide.mcu.externaltools.gnu-tools-for-stm32.9-2020-q2-update.win32_2.0.0.202105311346/tools/bin/../lib/gcc/arm-none-eabi/9.3.1/../../../../arm-none-eabi/lib/thumb/v7e-m+fp/hard\libc_nano.a(lib_a-writer.o)
                0x000000000800b8f8                _write_r
 .text.__swsetup_r
                0x000000000800b91c       0xdc c:/program files/stmicroelectronics/stm32cube/stm32cubeide_1.7.0/stm32cubeide/plugins/com.st.stm32cube.ide.mcu.externaltools.gnu-tools-for-stm32.9-2020-q2-update.win32_2.0.0.202105311346/tools/bin/../lib/gcc/arm-none-eabi/9.3.1/../../../../arm-none-eabi/lib/thumb/v7e-m+fp/hard\libc_nano.a(lib_a-wsetup.o)
                0x000000000800b91c                __swsetup_r
 .text.__assert_func
                0x000000000800b9f8       0x3c c:/program files/stmicroelectronics/stm32cube/stm32cubeide_1.7.0/stm32cubeide/plugins/com.st.stm32cube.ide.mcu.externaltools.gnu-tools-for-stm32.9-2020-q2-update.win32_2.0.0.202105311346/tools/bin/../lib/gcc/arm-none-eabi/9.3.1/../../../../arm-none-eabi/lib/thumb/v7e-m+fp/hard\libc_nano.a(lib_a-assert.o)
                0x000000000800b9f8                __assert_func
 .text._close_r
                0x000000000800ba34       0x20 c:/program files/stmicroelectronics/stm32cube/stm32cubeide_1.7.0/stm32cubeide/plugins/com.st.stm32cube.ide.mcu.externaltools.gnu-tools-for-stm32.9-2020-q2-update.win32_2.0.0.202105311346/tools/bin/../lib/gcc/arm-none-eabi/9.3.1/../../../../arm-none-eabi/lib/thumb/v7e-m+fp/hard\libc_nano.a(lib_a-closer.o)
                0x000000000800ba34                _close_r
 .text.__sflush_r
                0x000000000800ba54      0x10c c:/program files/stmicroelectronics/stm32cube/stm32cubeide_1.7.0/stm32cubeide/plugins/com.st.stm32cube.ide.mcu.externaltools.gnu-tools-for-stm32.9-2020-q2-update.win32_2.0.0.202105311346/tools/bin/../lib/gcc/arm-none-eabi/9.3.1/../../../../arm-none-eabi/lib/thumb/v7e-m+fp/hard\libc_nano.a(lib_a-fflush.o)
                0x000000000800ba54                __sflush_r
 .text._fflush_r
                0x000000000800bb60       0x78 c:/program files/stmicroelectronics/stm32cube/stm32cubeide_1.7.0/stm32cubeide/plugins/com.st.stm32cube.ide.mcu.externaltools.gnu-tools-for-stm32.9-2020-q2-update.win32_2.0.0.202105311346/tools/bin/../lib/gcc/arm-none-eabi/9.3.1/../../../../arm-none-eabi/lib/thumb/v7e-m+fp/hard\libc_nano.a(lib_a-fflush.o)
                0x000000000800bb60                _fflush_r
 .text.fprintf  0x000000000800bbd8       0x24 c:/program files/stmicroelectronics/stm32cube/stm32cubeide_1.7.0/stm32cubeide/plugins/com.st.stm32cube.ide.mcu.externaltools.gnu-tools-for-stm32.9-2020-q2-update.win32_2.0.0.202105311346/tools/bin/../lib/gcc/arm-none-eabi/9.3.1/../../../../arm-none-eabi/lib/thumb/v7e-m+fp/hard\libc_nano.a(lib_a-fprintf.o)
                0x000000000800bbd8                fiprintf
                0x000000000800bbd8                fprintf
 .text._lseek_r
                0x000000000800bbfc       0x24 c:/program files/stmicroelectronics/stm32cube/stm32cubeide_1.7.0/stm32cubeide/plugins/com.st.stm32cube.ide.mcu.externaltools.gnu-tools-for-stm32.9-2020-q2-update.win32_2.0.0.202105311346/tools/bin/../lib/gcc/arm-none-eabi/9.3.1/../../../../arm-none-eabi/lib/thumb/v7e-m+fp/hard\libc_nano.a(lib_a-lseekr.o)
                0x000000000800bbfc                _lseek_r
 .text.__swhatbuf_r
                0x000000000800bc20       0x48 c:/program files/stmicroelectronics/stm32cube/stm32cubeide_1.7.0/stm32cubeide/plugins/com.st.stm32cube.ide.mcu.externaltools.gnu-tools-for-stm32.9-2020-q2-update.win32_2.0.0.202105311346/tools/bin/../lib/gcc/arm-none-eabi/9.3.1/../../../../arm-none-eabi/lib/thumb/v7e-m+fp/hard\libc_nano.a(lib_a-makebuf.o)
                0x000000000800bc20                __swhatbuf_r
 .text.__smakebuf_r
                0x000000000800bc68       0x80 c:/program files/stmicroelectronics/stm32cube/stm32cubeide_1.7.0/stm32cubeide/plugins/com.st.stm32cube.ide.mcu.externaltools.gnu-tools-for-stm32.9-2020-q2-update.win32_2.0.0.202105311346/tools/bin/../lib/gcc/arm-none-eabi/9.3.1/../../../../arm-none-eabi/lib/thumb/v7e-m+fp/hard\libc_nano.a(lib_a-makebuf.o)
                0x000000000800bc68                __smakebuf_r
 .text.__ascii_mbtowc
                0x000000000800bce8       0x24 c:/program files/stmicroelectronics/stm32cube/stm32cubeide_1.7.0/stm32cubeide/plugins/com.st.stm32cube.ide.mcu.externaltools.gnu-tools-for-stm32.9-2020-q2-update.win32_2.0.0.202105311346/tools/bin/../lib/gcc/arm-none-eabi/9.3.1/../../../../arm-none-eabi/lib/thumb/v7e-m+fp/hard\libc_nano.a(lib_a-mbtowc_r.o)
                0x000000000800bce8                __ascii_mbtowc
 .text.memmove  0x000000000800bd0c       0x34 c:/program files/stmicroelectronics/stm32cube/stm32cubeide_1.7.0/stm32cubeide/plugins/com.st.stm32cube.ide.mcu.externaltools.gnu-tools-for-stm32.9-2020-q2-update.win32_2.0.0.202105311346/tools/bin/../lib/gcc/arm-none-eabi/9.3.1/../../../../arm-none-eabi/lib/thumb/v7e-m+fp/hard\libc_nano.a(lib_a-memmove.o)
                0x000000000800bd0c                memmove
 .text._malloc_usable_size_r
                0x000000000800bd40       0x10 c:/program files/stmicroelectronics/stm32cube/stm32cubeide_1.7.0/stm32cubeide/plugins/com.st.stm32cube.ide.mcu.externaltools.gnu-tools-for-stm32.9-2020-q2-update.win32_2.0.0.202105311346/tools/bin/../lib/gcc/arm-none-eabi/9.3.1/../../../../arm-none-eabi/lib/thumb/v7e-m+fp/hard\libc_nano.a(lib_a-nano-msizer.o)
                0x000000000800bd40                _malloc_usable_size_r
 .text._read_r  0x000000000800bd50       0x24 c:/program files/stmicroelectronics/stm32cube/stm32cubeide_1.7.0/stm32cubeide/plugins/com.st.stm32cube.ide.mcu.externaltools.gnu-tools-for-stm32.9-2020-q2-update.win32_2.0.0.202105311346/tools/bin/../lib/gcc/arm-none-eabi/9.3.1/../../../../arm-none-eabi/lib/thumb/v7e-m+fp/hard\libc_nano.a(lib_a-readr.o)
                0x000000000800bd50                _read_r
 .text.__ascii_wctomb
                0x000000000800bd74       0x1a c:/program files/stmicroelectronics/stm32cube/stm32cubeide_1.7.0/stm32cubeide/plugins/com.st.stm32cube.ide.mcu.externaltools.gnu-tools-for-stm32.9-2020-q2-update.win32_2.0.0.202105311346/tools/bin/../lib/gcc/arm-none-eabi/9.3.1/../../../../arm-none-eabi/lib/thumb/v7e-m+fp/hard\libc_nano.a(lib_a-wctomb_r.o)
                0x000000000800bd74                __ascii_wctomb
 .text.abort    0x000000000800bd8e        0xe c:/program files/stmicroelectronics/stm32cube/stm32cubeide_1.7.0/stm32cubeide/plugins/com.st.stm32cube.ide.mcu.externaltools.gnu-tools-for-stm32.9-2020-q2-update.win32_2.0.0.202105311346/tools/bin/../lib/gcc/arm-none-eabi/9.3.1/../../../../arm-none-eabi/lib/thumb/v7e-m+fp/hard\libc_nano.a(lib_a-abort.o)
                0x000000000800bd8e                abort
 .text._fstat_r
                0x000000000800bd9c       0x24 c:/program files/stmicroelectronics/stm32cube/stm32cubeide_1.7.0/stm32cubeide/plugins/com.st.stm32cube.ide.mcu.externaltools.gnu-tools-for-stm32.9-2020-q2-update.win32_2.0.0.202105311346/tools/bin/../lib/gcc/arm-none-eabi/9.3.1/../../../../arm-none-eabi/lib/thumb/v7e-m+fp/hard\libc_nano.a(lib_a-fstatr.o)
                0x000000000800bd9c                _fstat_r
 .text._isatty_r
                0x000000000800bdc0       0x20 c:/program files/stmicroelectronics/stm32cube/stm32cubeide_1.7.0/stm32cubeide/plugins/com.st.stm32cube.ide.mcu.externaltools.gnu-tools-for-stm32.9-2020-q2-update.win32_2.0.0.202105311346/tools/bin/../lib/gcc/arm-none-eabi/9.3.1/../../../../arm-none-eabi/lib/thumb/v7e-m+fp/hard\libc_nano.a(lib_a-isattyr.o)
                0x000000000800bdc0                _isatty_r
 .text._raise_r
                0x000000000800bde0       0x50 c:/program files/stmicroelectronics/stm32cube/stm32cubeide_1.7.0/stm32cubeide/plugins/com.st.stm32cube.ide.mcu.externaltools.gnu-tools-for-stm32.9-2020-q2-update.win32_2.0.0.202105311346/tools/bin/../lib/gcc/arm-none-eabi/9.3.1/../../../../arm-none-eabi/lib/thumb/v7e-m+fp/hard\libc_nano.a(lib_a-signal.o)
                0x000000000800bde0                _raise_r
 .text.raise    0x000000000800be30       0x10 c:/program files/stmicroelectronics/stm32cube/stm32cubeide_1.7.0/stm32cubeide/plugins/com.st.stm32cube.ide.mcu.externaltools.gnu-tools-for-stm32.9-2020-q2-update.win32_2.0.0.202105311346/tools/bin/../lib/gcc/arm-none-eabi/9.3.1/../../../../arm-none-eabi/lib/thumb/v7e-m+fp/hard\libc_nano.a(lib_a-signal.o)
                0x000000000800be30                raise
 .text._kill_r  0x000000000800be40       0x24 c:/program files/stmicroelectronics/stm32cube/stm32cubeide_1.7.0/stm32cubeide/plugins/com.st.stm32cube.ide.mcu.externaltools.gnu-tools-for-stm32.9-2020-q2-update.win32_2.0.0.202105311346/tools/bin/../lib/gcc/arm-none-eabi/9.3.1/../../../../arm-none-eabi/lib/thumb/v7e-m+fp/hard\libc_nano.a(lib_a-signalr.o)
                0x000000000800be40                _kill_r
 .text._getpid_r
                0x000000000800be64        0x4 c:/program files/stmicroelectronics/stm32cube/stm32cubeide_1.7.0/stm32cubeide/plugins/com.st.stm32cube.ide.mcu.externaltools.gnu-tools-for-stm32.9-2020-q2-update.win32_2.0.0.202105311346/tools/bin/../lib/gcc/arm-none-eabi/9.3.1/../../../../arm-none-eabi/lib/thumb/v7e-m+fp/hard\libc_nano.a(lib_a-signalr.o)
                0x000000000800be64                _getpid_r
 .text.expf     0x000000000800be68       0x7c c:/program files/stmicroelectronics/stm32cube/stm32cubeide_1.7.0/stm32cubeide/plugins/com.st.stm32cube.ide.mcu.externaltools.gnu-tools-for-stm32.9-2020-q2-update.win32_2.0.0.202105311346/tools/bin/../lib/gcc/arm-none-eabi/9.3.1/../../../../arm-none-eabi/lib/thumb/v7e-m+fp/hard\libm.a(lib_a-wf_exp.o)
                0x000000000800be68                expf
 .text.__ieee754_expf
                0x000000000800bee4      0x1a8 c:/program files/stmicroelectronics/stm32cube/stm32cubeide_1.7.0/stm32cubeide/plugins/com.st.stm32cube.ide.mcu.externaltools.gnu-tools-for-stm32.9-2020-q2-update.win32_2.0.0.202105311346/tools/bin/../lib/gcc/arm-none-eabi/9.3.1/../../../../arm-none-eabi/lib/thumb/v7e-m+fp/hard\libm.a(lib_a-ef_exp.o)
                0x000000000800bee4                __ieee754_expf
 .text.finitef  0x000000000800c08c       0x1a c:/program files/stmicroelectronics/stm32cube/stm32cubeide_1.7.0/stm32cubeide/plugins/com.st.stm32cube.ide.mcu.externaltools.gnu-tools-for-stm32.9-2020-q2-update.win32_2.0.0.202105311346/tools/bin/../lib/gcc/arm-none-eabi/9.3.1/../../../../arm-none-eabi/lib/thumb/v7e-m+fp/hard\libm.a(lib_a-sf_finite.o)
                0x000000000800c08c                finitef
 *fill*         0x000000000800c0a6        0x2 
 .text._close   0x000000000800c0a8       0x10 c:/program files/stmicroelectronics/stm32cube/stm32cubeide_1.7.0/stm32cubeide/plugins/com.st.stm32cube.ide.mcu.externaltools.gnu-tools-for-stm32.9-2020-q2-update.win32_2.0.0.202105311346/tools/bin/../lib/gcc/arm-none-eabi/9.3.1/../../../../arm-none-eabi/lib/thumb/v7e-m+fp/hard\libnosys.a(close.o)
                0x000000000800c0a8                _close
 .text._fstat   0x000000000800c0b8       0x10 c:/program files/stmicroelectronics/stm32cube/stm32cubeide_1.7.0/stm32cubeide/plugins/com.st.stm32cube.ide.mcu.externaltools.gnu-tools-for-stm32.9-2020-q2-update.win32_2.0.0.202105311346/tools/bin/../lib/gcc/arm-none-eabi/9.3.1/../../../../arm-none-eabi/lib/thumb/v7e-m+fp/hard\libnosys.a(fstat.o)
                0x000000000800c0b8                _fstat
 .text._getpid  0x000000000800c0c8       0x10 c:/program files/stmicroelectronics/stm32cube/stm32cubeide_1.7.0/stm32cubeide/plugins/com.st.stm32cube.ide.mcu.externaltools.gnu-tools-for-stm32.9-2020-q2-update.win32_2.0.0.202105311346/tools/bin/../lib/gcc/arm-none-eabi/9.3.1/../../../../arm-none-eabi/lib/thumb/v7e-m+fp/hard\libnosys.a(getpid.o)
                0x000000000800c0c8                _getpid
 .text._isatty  0x000000000800c0d8       0x10 c:/program files/stmicroelectronics/stm32cube/stm32cubeide_1.7.0/stm32cubeide/plugins/com.st.stm32cube.ide.mcu.externaltools.gnu-tools-for-stm32.9-2020-q2-update.win32_2.0.0.202105311346/tools/bin/../lib/gcc/arm-none-eabi/9.3.1/../../../../arm-none-eabi/lib/thumb/v7e-m+fp/hard\libnosys.a(isatty.o)
                0x000000000800c0d8                _isatty
 .text._kill    0x000000000800c0e8       0x10 c:/program files/stmicroelectronics/stm32cube/stm32cubeide_1.7.0/stm32cubeide/plugins/com.st.stm32cube.ide.mcu.externaltools.gnu-tools-for-stm32.9-2020-q2-update.win32_2.0.0.202105311346/tools/bin/../lib/gcc/arm-none-eabi/9.3.1/../../../../arm-none-eabi/lib/thumb/v7e-m+fp/hard\libnosys.a(kill.o)
                0x000000000800c0e8                _kill
 .text._lseek   0x000000000800c0f8       0x10 c:/program files/stmicroelectronics/stm32cube/stm32cubeide_1.7.0/stm32cubeide/plugins/com.st.stm32cube.ide.mcu.externaltools.gnu-tools-for-stm32.9-2020-q2-update.win32_2.0.0.202105311346/tools/bin/../lib/gcc/arm-none-eabi/9.3.1/../../../../arm-none-eabi/lib/thumb/v7e-m+fp/hard\libnosys.a(lseek.o)
                0x000000000800c0f8                _lseek
 .text._read    0x000000000800c108       0x10 c:/program files/stmicroelectronics/stm32cube/stm32cubeide_1.7.0/stm32cubeide/plugins/com.st.stm32cube.ide.mcu.externaltools.gnu-tools-for-stm32.9-2020-q2-update.win32_2.0.0.202105311346/tools/bin/../lib/gcc/arm-none-eabi/9.3.1/../../../../arm-none-eabi/lib/thumb/v7e-m+fp/hard\libnosys.a(read.o)
                0x000000000800c108                _read
 .text._exit    0x000000000800c118        0x2 c:/program files/stmicroelectronics/stm32cube/stm32cubeide_1.7.0/stm32cubeide/plugins/com.st.stm32cube.ide.mcu.externaltools.gnu-tools-for-stm32.9-2020-q2-update.win32_2.0.0.202105311346/tools/bin/../lib/gcc/arm-none-eabi/9.3.1/../../../../arm-none-eabi/lib/thumb/v7e-m+fp/hard\libnosys.a(_exit.o)
                0x000000000800c118                _exit
 *(.glue_7)
 .glue_7        0x000000000800c11a        0x0 linker stubs
 *(.glue_7t)
 .glue_7t       0x000000000800c11a        0x0 linker stubs
 *(.eh_frame)
 *fill*         0x000000000800c11a        0x2 
 .eh_frame      0x000000000800c11c        0x0 c:/program files/stmicroelectronics/stm32cube/stm32cubeide_1.7.0/stm32cubeide/plugins/com.st.stm32cube.ide.mcu.externaltools.gnu-tools-for-stm32.9-2020-q2-update.win32_2.0.0.202105311346/tools/bin/../lib/gcc/arm-none-eabi/9.3.1/thumb/v7e-m+fp/hard/crtbegin.o
 *(.init)
 .init          0x000000000800c11c        0x4 c:/program files/stmicroelectronics/stm32cube/stm32cubeide_1.7.0/stm32cubeide/plugins/com.st.stm32cube.ide.mcu.externaltools.gnu-tools-for-stm32.9-2020-q2-update.win32_2.0.0.202105311346/tools/bin/../lib/gcc/arm-none-eabi/9.3.1/thumb/v7e-m+fp/hard/crti.o
                0x000000000800c11c                _init
 .init          0x000000000800c120        0x8 c:/program files/stmicroelectronics/stm32cube/stm32cubeide_1.7.0/stm32cubeide/plugins/com.st.stm32cube.ide.mcu.externaltools.gnu-tools-for-stm32.9-2020-q2-update.win32_2.0.0.202105311346/tools/bin/../lib/gcc/arm-none-eabi/9.3.1/thumb/v7e-m+fp/hard/crtn.o
 *(.fini)
 .fini          0x000000000800c128        0x4 c:/program files/stmicroelectronics/stm32cube/stm32cubeide_1.7.0/stm32cubeide/plugins/com.st.stm32cube.ide.mcu.externaltools.gnu-tools-for-stm32.9-2020-q2-update.win32_2.0.0.202105311346/tools/bin/../lib/gcc/arm-none-eabi/9.3.1/thumb/v7e-m+fp/hard/crti.o
                0x000000000800c128                _fini
 .fini          0x000000000800c12c        0x8 c:/program files/stmicroelectronics/stm32cube/stm32cubeide_1.7.0/stm32cubeide/plugins/com.st.stm32cube.ide.mcu.externaltools.gnu-tools-for-stm32.9-2020-q2-update.win32_2.0.0.202105311346/tools/bin/../lib/gcc/arm-none-eabi/9.3.1/thumb/v7e-m+fp/hard/crtn.o
                0x000000000800c134                . = ALIGN (0x4)
                0x000000000800c134                _etext = .

.vfp11_veneer   0x000000000800c134        0x0
 .vfp11_veneer  0x000000000800c134        0x0 linker stubs

.v4_bx          0x000000000800c134        0x0
 .v4_bx         0x000000000800c134        0x0 linker stubs

.iplt           0x000000000800c134        0x0
 .iplt          0x000000000800c134        0x0 c:/program files/stmicroelectronics/stm32cube/stm32cubeide_1.7.0/stm32cubeide/plugins/com.st.stm32cube.ide.mcu.externaltools.gnu-tools-for-stm32.9-2020-q2-update.win32_2.0.0.202105311346/tools/bin/../lib/gcc/arm-none-eabi/9.3.1/thumb/v7e-m+fp/hard/crtbegin.o

.rodata         0x000000000800c140     0xc1b4
                0x000000000800c140                . = ALIGN (0x4)
 *(.rodata)
 .rodata        0x000000000800c140       0x7c ./Core/Src/main.o
 .rodata        0x000000000800c1bc        0x4 ../Middlewares/ST/AI/Lib\NetworkRuntime700_CM4_GCC.a(layers.o)
 *(.rodata*)
 .rodata.AHBPrescTable
                0x000000000800c1c0       0x10 ./Core/Src/system_stm32l4xx.o
                0x000000000800c1c0                AHBPrescTable
 .rodata.APBPrescTable
                0x000000000800c1d0        0x8 ./Core/Src/system_stm32l4xx.o
                0x000000000800c1d0                APBPrescTable
 .rodata.MSIRangeTable
                0x000000000800c1d8       0x30 ./Core/Src/system_stm32l4xx.o
                0x000000000800c1d8                MSIRangeTable
 .rodata.dense_1_nl_chain
                0x000000000800c208        0x8 ./X-CUBE-AI/App/network.o
 .rodata.dense_1_chain
                0x000000000800c210        0x8 ./X-CUBE-AI/App/network.o
 .rodata.dense_nl_chain
                0x000000000800c218        0x8 ./X-CUBE-AI/App/network.o
 .rodata.dense_chain
                0x000000000800c220        0x8 ./X-CUBE-AI/App/network.o
 .rodata.conv1d_1_chain
                0x000000000800c228        0x8 ./X-CUBE-AI/App/network.o
 .rodata.conv1d_chain
                0x000000000800c230        0x8 ./X-CUBE-AI/App/network.o
 *fill*         0x000000000800c238        0x8 
 .rodata.s_network_weights_array_u64
                0x000000000800c240     0xbcb0 ./X-CUBE-AI/App/network_data.o
                0x000000000800c240                s_network_weights_array_u64
 .rodata.s_network_weights_map.6537
                0x0000000008017ef0        0xc ./X-CUBE-AI/App/network_data.o
 .rodata._global_impure_ptr
                0x0000000008017efc        0x4 c:/program files/stmicroelectronics/stm32cube/stm32cubeide_1.7.0/stm32cubeide/plugins/com.st.stm32cube.ide.mcu.externaltools.gnu-tools-for-stm32.9-2020-q2-update.win32_2.0.0.202105311346/tools/bin/../lib/gcc/arm-none-eabi/9.3.1/../../../../arm-none-eabi/lib/thumb/v7e-m+fp/hard\libc_nano.a(lib_a-impure.o)
                0x0000000008017efc                _global_impure_ptr
 .rodata._printf_float.str1.1
                0x0000000008017f00       0x12 c:/program files/stmicroelectronics/stm32cube/stm32cubeide_1.7.0/stm32cubeide/plugins/com.st.stm32cube.ide.mcu.externaltools.gnu-tools-for-stm32.9-2020-q2-update.win32_2.0.0.202105311346/tools/bin/../lib/gcc/arm-none-eabi/9.3.1/../../../../arm-none-eabi/lib/thumb/v7e-m+fp/hard\libc_nano.a(lib_a-nano-vfprintf_float.o)
 .rodata._printf_i.str1.1
                0x0000000008017f12       0x22 c:/program files/stmicroelectronics/stm32cube/stm32cubeide_1.7.0/stm32cubeide/plugins/com.st.stm32cube.ide.mcu.externaltools.gnu-tools-for-stm32.9-2020-q2-update.win32_2.0.0.202105311346/tools/bin/../lib/gcc/arm-none-eabi/9.3.1/../../../../arm-none-eabi/lib/thumb/v7e-m+fp/hard\libc_nano.a(lib_a-nano-vfprintf_i.o)
 .rodata._dtoa_r.str1.1
                0x0000000008017f34       0x94 c:/program files/stmicroelectronics/stm32cube/stm32cubeide_1.7.0/stm32cubeide/plugins/com.st.stm32cube.ide.mcu.externaltools.gnu-tools-for-stm32.9-2020-q2-update.win32_2.0.0.202105311346/tools/bin/../lib/gcc/arm-none-eabi/9.3.1/../../../../arm-none-eabi/lib/thumb/v7e-m+fp/hard\libc_nano.a(lib_a-dtoa.o)
                                         0x96 (size before relaxing)
 .rodata.__sf_fake_stderr
                0x0000000008017fc8       0x20 c:/program files/stmicroelectronics/stm32cube/stm32cubeide_1.7.0/stm32cubeide/plugins/com.st.stm32cube.ide.mcu.externaltools.gnu-tools-for-stm32.9-2020-q2-update.win32_2.0.0.202105311346/tools/bin/../lib/gcc/arm-none-eabi/9.3.1/../../../../arm-none-eabi/lib/thumb/v7e-m+fp/hard\libc_nano.a(lib_a-findfp.o)
                0x0000000008017fc8                __sf_fake_stderr
 .rodata.__sf_fake_stdin
                0x0000000008017fe8       0x20 c:/program files/stmicroelectronics/stm32cube/stm32cubeide_1.7.0/stm32cubeide/plugins/com.st.stm32cube.ide.mcu.externaltools.gnu-tools-for-stm32.9-2020-q2-update.win32_2.0.0.202105311346/tools/bin/../lib/gcc/arm-none-eabi/9.3.1/../../../../arm-none-eabi/lib/thumb/v7e-m+fp/hard\libc_nano.a(lib_a-findfp.o)
                0x0000000008017fe8                __sf_fake_stdin
 .rodata.__sf_fake_stdout